[debug] [2026-05-07T03:37:26.368Z] ----------------------------------------------------------------------
[debug] [2026-05-07T03:37:26.370Z] Command:       C:\Program Files\nodejs\node.exe C:\Users\Usuario\Archivo---Copy\functions\node_modules\firebase-tools\lib\bin\firebase.js emulators:start --only functions
[debug] [2026-05-07T03:37:26.371Z] CLI Version:   15.16.0
[debug] [2026-05-07T03:37:26.371Z] Platform:      win32
[debug] [2026-05-07T03:37:26.371Z] Node Version:  v24.14.0
[debug] [2026-05-07T03:37:26.371Z] Time:          Wed May 06 2026 22:37:26 GMT-0500 (hora estándar de Colombia)
[debug] [2026-05-07T03:37:26.371Z] ----------------------------------------------------------------------
[debug] 
[debug] [2026-05-07T03:37:27.742Z] > command requires scopes: ["email","openid","https://www.googleapis.com/auth/cloudplatformprojects.readonly","https://www.googleapis.com/auth/firebase","https://www.googleapis.com/auth/cloud-platform"]
[debug] [2026-05-07T03:37:27.743Z] > authorizing via signed-in user (marianaateh2005@gmail.com)
[info] i  emulators: Starting emulators: functions {"metadata":{"emulator":{"name":"hub"},"message":"Starting emulators: functions"}}
[debug] [2026-05-07T03:37:27.762Z] [logging] Logging Emulator only supports listening on one address (127.0.0.1). Not listening on ::1
[debug] [2026-05-07T03:37:27.762Z] assigned listening specs for emulators {"user":{"hub":[{"address":"127.0.0.1","family":"IPv4","port":4400},{"address":"::1","family":"IPv6","port":4400}],"ui":[{"address":"127.0.0.1","family":"IPv4","port":4000},{"address":"::1","family":"IPv6","port":4000}],"logging":[{"address":"127.0.0.1","family":"IPv4","port":4500}]},"metadata":{"message":"assigned listening specs for emulators"}}
[debug] [2026-05-07T03:37:27.767Z] Write emulator hub locator at C:\Users\Usuario\AppData\Local\Temp\hub-rag-numi.json
[debug] [2026-05-07T03:37:27.795Z] [functions] Functions Emulator only supports listening on one address (127.0.0.1). Not listening on ::1
[debug] [2026-05-07T03:37:27.795Z] [eventarc] Eventarc Emulator only supports listening on one address (127.0.0.1). Not listening on ::1
[debug] [2026-05-07T03:37:27.796Z] [tasks] Cloud Tasks Emulator only supports listening on one address (127.0.0.1). Not listening on ::1
[debug] [2026-05-07T03:37:27.796Z] late-assigned ports for functions and eventarc emulators {"user":{"hub":[{"address":"127.0.0.1","family":"IPv4","port":4400},{"address":"::1","family":"IPv6","port":4400}],"ui":[{"address":"127.0.0.1","family":"IPv4","port":4000},{"address":"::1","family":"IPv6","port":4000}],"logging":[{"address":"127.0.0.1","family":"IPv4","port":4500}],"functions":[{"address":"127.0.0.1","family":"IPv4","port":5001}],"eventarc":[{"address":"127.0.0.1","family":"IPv4","port":9299}],"tasks":[{"address":"127.0.0.1","family":"IPv4","port":9499}]},"metadata":{"message":"late-assigned ports for functions and eventarc emulators"}}
[warn] !  functions: The following emulators are not running, calls to these services from the Functions emulator will affect production: apphosting, auth, firestore, database, hosting, pubsub, storage, dataconnect {"metadata":{"emulator":{"name":"functions"},"message":"The following emulators are not running, calls to these services from the Functions emulator will affect production: \u001b[1mapphosting, auth, firestore, database, hosting, pubsub, storage, dataconnect\u001b[22m"}}
[debug] [2026-05-07T03:37:27.823Z] defaultcredentials: writing to file C:\Users\Usuario\AppData\Roaming\firebase\marianaateh2005_gmail_com_application_default_credentials.json
[debug] [2026-05-07T03:37:27.825Z] Setting GAC to C:\Users\Usuario\AppData\Roaming\firebase\marianaateh2005_gmail_com_application_default_credentials.json {"metadata":{"emulator":{"name":"functions"},"message":"Setting GAC to C:\\Users\\Usuario\\AppData\\Roaming\\firebase\\marianaateh2005_gmail_com_application_default_credentials.json"}}
[debug] [2026-05-07T03:37:27.828Z] Checked if tokens are valid: true, expires at: 1778128035164
[debug] [2026-05-07T03:37:27.828Z] Checked if tokens are valid: true, expires at: 1778128035164
[debug] [2026-05-07T03:37:27.829Z] >>> [apiv2][query] GET https://firebase.googleapis.com/v1beta1/projects/rag-numi/adminSdkConfig [none]
[debug] [2026-05-07T03:37:28.314Z] <<< [apiv2][status] GET https://firebase.googleapis.com/v1beta1/projects/rag-numi/adminSdkConfig 200
[debug] [2026-05-07T03:37:28.314Z] <<< [apiv2][body] GET https://firebase.googleapis.com/v1beta1/projects/rag-numi/adminSdkConfig {"projectId":"rag-numi","storageBucket":"rag-numi.firebasestorage.app"}
[info] i  functions: Watching "C:\Users\Usuario\Archivo---Copy\functions" for Cloud Functions... {"metadata":{"emulator":{"name":"functions"},"message":"Watching \"C:\\Users\\Usuario\\Archivo---Copy\\functions\" for Cloud Functions..."}}
[debug] [2026-05-07T03:37:28.339Z] Validating nodejs source
[debug] [2026-05-07T03:37:29.357Z] > [functions] package.json contents: {
  "name": "functions",
  "scripts": {
    "build": "tsc",
    "build:watch": "tsc --watch",
    "serve": "npm run build && firebase emulators:start --only functions",
    "deploy": "firebase deploy --only functions",
    "seed": "npx ts-node --esm src/chatbot/seed.ts",
    "logs": "firebase functions:log"
  },
  "engines": {
    "node": "22"
  },
  "main": "lib/index.js",
  "dependencies": {
    "@genkit-ai/firebase": "^0.9.0",
    "@genkit-ai/googleai": "^0.9.0",
    "firebase-admin": "^13.8.0",
    "firebase-functions": "^7.2.5",
    "genkit": "^0.9.0",
    "zod": "^3.23.8"
  },
  "devDependencies": {
    "@types/node": "^20.12.7",
    "firebase-tools": "^15.16.0",
    "ts-node": "^10.9.2",
    "typescript": "^5.4.5"
  },
  "private": true
}
[debug] [2026-05-07T03:37:29.358Z] Building nodejs source
[debug] [2026-05-07T03:37:29.359Z] Failed to find version of module node: reached end of search path C:\Users\Usuario\Archivo---Copy\functions\node_modules
[warn] !  functions: Your requested "node" version "22" doesn't match your global version "24". Using node@24 from host. 
[info] i  functions: Loaded environment variables from .env. 
[debug] [2026-05-07T03:37:29.365Z] Could not find functions.yaml. Must use http discovery
[debug] [2026-05-07T03:37:29.383Z] Found firebase-functions binary at 'C:\Users\Usuario\Archivo---Copy\functions\node_modules\.bin\firebase-functions'
[info] Serving at port 8188

[error] [Genkit] ADVERTENCIA: GOOGLE_AI_KEY no está configurada.

[debug] [2026-05-07T03:37:30.931Z] Got response from /__/functions.yaml {"endpoints":{"chatbotAsk":{"availableMemoryMb":null,"timeoutSeconds":60,"minInstances":null,"maxInstances":null,"ingressSettings":null,"concurrency":null,"serviceAccountEmail":null,"vpc":null,"platform":"gcfv2","labels":{},"httpsTrigger":{"invoker":["public"]},"entryPoint":"chatbotAsk"},"chatbotGetSubjects":{"availableMemoryMb":null,"timeoutSeconds":30,"minInstances":null,"maxInstances":null,"ingressSettings":null,"concurrency":null,"serviceAccountEmail":null,"vpc":null,"platform":"gcfv2","labels":{},"httpsTrigger":{"invoker":["public"]},"entryPoint":"chatbotGetSubjects"},"chatbotGetContent":{"availableMemoryMb":null,"timeoutSeconds":30,"minInstances":null,"maxInstances":null,"ingressSettings":null,"concurrency":null,"serviceAccountEmail":null,"vpc":null,"platform":"gcfv2","labels":{},"httpsTrigger":{"invoker":["public"]},"entryPoint":"chatbotGetContent"}},"specVersion":"v1alpha1","requiredAPIs":[],"extensions":{}}
[info] +  functions: Loaded functions definitions from source: chatbotAsk, chatbotGetSubjects, chatbotGetContent. {"metadata":{"emulator":{"name":"functions"},"message":"Loaded functions definitions from source: chatbotAsk, chatbotGetSubjects, chatbotGetContent."}}
[info] +  functions[us-central1-chatbotAsk]: http function initialized (http://127.0.0.1:5001/rag-numi/us-central1/chatbotAsk). {"metadata":{"emulator":{"name":"functions"},"message":"\u001b[1mhttp\u001b[22m function initialized (http://127.0.0.1:5001/rag-numi/us-central1/chatbotAsk)."}}
[info] +  functions[us-central1-chatbotGetSubjects]: http function initialized (http://127.0.0.1:5001/rag-numi/us-central1/chatbotGetSubjects). {"metadata":{"emulator":{"name":"functions"},"message":"\u001b[1mhttp\u001b[22m function initialized (http://127.0.0.1:5001/rag-numi/us-central1/chatbotGetSubjects)."}}
[info] +  functions[us-central1-chatbotGetContent]: http function initialized (http://127.0.0.1:5001/rag-numi/us-central1/chatbotGetContent). {"metadata":{"emulator":{"name":"functions"},"message":"\u001b[1mhttp\u001b[22m function initialized (http://127.0.0.1:5001/rag-numi/us-central1/chatbotGetContent)."}}
[debug] [2026-05-07T03:37:35.066Z] Could not find VSCode notification endpoint: FetchError: request to http://localhost:40001/vscode/notify failed, reason: . If you are not running the Firebase SQL Connect VSCode extension, this is expected and not an issue.
[info] 
┌─────────────────────────────────────────────────────────────┐
│ ✔  All emulators ready! It is now safe to connect your app. │
│ i  View Emulator UI at http://127.0.0.1:4000/               │
└─────────────────────────────────────────────────────────────┘

┌───────────┬────────────────┬─────────────────────────────────┐
│ Emulator  │ Host:Port      │ View in Emulator UI             │
├───────────┼────────────────┼─────────────────────────────────┤
│ Functions │ 127.0.0.1:5001 │ http://127.0.0.1:4000/functions │
└───────────┴────────────────┴─────────────────────────────────┘
  Emulator Hub host: 127.0.0.1 port: 4400
  Other reserved ports: 4500

Issues? Report them at https://github.com/firebase/firebase-tools/issues and attach the *-debug.log files.
 
[debug] [2026-05-07T03:41:01.962Z] [work-queue] {"queuedWork":["/rag-numi/us-central1/chatbotGetSubjects-2026-05-07T03:41:01.962Z"],"queueLength":1,"runningWork":[],"workRunningCount":0}
[debug] [2026-05-07T03:41:01.963Z] [work-queue] {"queuedWork":[],"queueLength":0,"runningWork":["/rag-numi/us-central1/chatbotGetSubjects-2026-05-07T03:41:01.962Z"],"workRunningCount":1}
[debug] [2026-05-07T03:41:01.964Z] Accepted request OPTIONS /rag-numi/us-central1/chatbotGetSubjects --> us-central1-chatbotGetSubjects
[debug] [2026-05-07T03:41:01.965Z] [functions] Runtime ready! Sending request! {"metadata":{"emulator":{"name":"functions"},"message":"[functions] Runtime ready! Sending request!"}}
[debug] [2026-05-07T03:41:01.965Z] [functions] Got req.url=/rag-numi/us-central1/chatbotGetSubjects, mapping to path=/ {"metadata":{"emulator":{"name":"functions"},"message":"[functions] Got req.url=/rag-numi/us-central1/chatbotGetSubjects, mapping to path=/"}}
[info] i  functions: Loaded environment variables from .env. 
[debug] [2026-05-07T03:41:01.986Z] [worker-pool] addWorker(us-central1-chatbotGetSubjects) {"metadata":{"emulator":{"name":"functions"},"message":"[worker-pool] addWorker(us-central1-chatbotGetSubjects)"}}
[debug] [2026-05-07T03:41:01.988Z] [worker-pool] Adding worker with key us-central1-chatbotGetSubjects, total=1 {"metadata":{"emulator":{"name":"functions"},"message":"[worker-pool] Adding worker with key us-central1-chatbotGetSubjects, total=1"}}
[debug] [2026-05-07T03:41:02.747Z] [runtime-status] [16984] Resolved module firebase-admin {"declared":true,"installed":true,"version":"13.8.0","resolution":"C:\\Users\\Usuario\\Archivo---Copy\\functions\\node_modules\\firebase-admin\\lib\\index.js"} {"metadata":{"emulator":{"name":"functions"},"function":{"name":"us-central1-chatbotGetSubjects"},"extension":{},"message":"[runtime-status] [16984] Resolved module firebase-admin {\"declared\":true,\"installed\":true,\"version\":\"13.8.0\",\"resolution\":\"C:\\\\Users\\\\Usuario\\\\Archivo---Copy\\\\functions\\\\node_modules\\\\firebase-admin\\\\lib\\\\index.js\"}"}}
[debug] [2026-05-07T03:41:02.748Z] [runtime-status] [16984] Resolved module firebase-functions {"declared":true,"installed":true,"version":"7.2.5","resolution":"C:\\Users\\Usuario\\Archivo---Copy\\functions\\node_modules\\firebase-functions\\lib\\v2\\index.js"} {"metadata":{"emulator":{"name":"functions"},"function":{"name":"us-central1-chatbotGetSubjects"},"extension":{},"message":"[runtime-status] [16984] Resolved module firebase-functions {\"declared\":true,\"installed\":true,\"version\":\"7.2.5\",\"resolution\":\"C:\\\\Users\\\\Usuario\\\\Archivo---Copy\\\\functions\\\\node_modules\\\\firebase-functions\\\\lib\\\\v2\\\\index.js\"}"}}
[debug] [2026-05-07T03:41:02.749Z] [runtime-status] [16984] Outgoing network have been stubbed. [{"name":"http","status":"mocked"},{"name":"http","status":"mocked"},{"name":"https","status":"mocked"},{"name":"https","status":"mocked"},{"name":"net","status":"mocked"}] {"metadata":{"emulator":{"name":"functions"},"function":{"name":"us-central1-chatbotGetSubjects"},"extension":{},"message":"[runtime-status] [16984] Outgoing network have been stubbed. [{\"name\":\"http\",\"status\":\"mocked\"},{\"name\":\"http\",\"status\":\"mocked\"},{\"name\":\"https\",\"status\":\"mocked\"},{\"name\":\"https\",\"status\":\"mocked\"},{\"name\":\"net\",\"status\":\"mocked\"}]"}}
[debug] [2026-05-07T03:41:02.749Z] [runtime-status] [16984] Resolved module firebase-functions {"declared":true,"installed":true,"version":"7.2.5","resolution":"C:\\Users\\Usuario\\Archivo---Copy\\functions\\node_modules\\firebase-functions\\lib\\v2\\index.js"} {"metadata":{"emulator":{"name":"functions"},"function":{"name":"us-central1-chatbotGetSubjects"},"extension":{},"message":"[runtime-status] [16984] Resolved module firebase-functions {\"declared\":true,\"installed\":true,\"version\":\"7.2.5\",\"resolution\":\"C:\\\\Users\\\\Usuario\\\\Archivo---Copy\\\\functions\\\\node_modules\\\\firebase-functions\\\\lib\\\\v2\\\\index.js\"}"}}
[debug] [2026-05-07T03:41:02.749Z] [runtime-status] [16984] Detected firebase-functions v7+, skipping legacy stubs. {"metadata":{"emulator":{"name":"functions"},"function":{"name":"us-central1-chatbotGetSubjects"},"extension":{},"message":"[runtime-status] [16984] Detected firebase-functions v7+, skipping legacy stubs."}}
[debug] [2026-05-07T03:41:02.750Z] [runtime-status] [16984] Resolved module firebase-admin {"declared":true,"installed":true,"version":"13.8.0","resolution":"C:\\Users\\Usuario\\Archivo---Copy\\functions\\node_modules\\firebase-admin\\lib\\index.js"} {"metadata":{"emulator":{"name":"functions"},"function":{"name":"us-central1-chatbotGetSubjects"},"extension":{},"message":"[runtime-status] [16984] Resolved module firebase-admin {\"declared\":true,\"installed\":true,\"version\":\"13.8.0\",\"resolution\":\"C:\\\\Users\\\\Usuario\\\\Archivo---Copy\\\\functions\\\\node_modules\\\\firebase-admin\\\\lib\\\\index.js\"}"}}
[debug] [2026-05-07T03:41:02.785Z] [runtime-status] [16984] Resolved module firebase-functions {"declared":true,"installed":true,"version":"7.2.5","resolution":"C:\\Users\\Usuario\\Archivo---Copy\\functions\\node_modules\\firebase-functions\\lib\\v2\\index.js"} {"metadata":{"emulator":{"name":"functions"},"function":{"name":"us-central1-chatbotGetSubjects"},"extension":{},"message":"[runtime-status] [16984] Resolved module firebase-functions {\"declared\":true,\"installed\":true,\"version\":\"7.2.5\",\"resolution\":\"C:\\\\Users\\\\Usuario\\\\Archivo---Copy\\\\functions\\\\node_modules\\\\firebase-functions\\\\lib\\\\v2\\\\index.js\"}"}}
[debug] [2026-05-07T03:41:02.968Z] [runtime-status] [16984] firebase-admin has been stubbed. {"adminResolution":{"declared":true,"installed":true,"version":"13.8.0","resolution":"C:\\Users\\Usuario\\Archivo---Copy\\functions\\node_modules\\firebase-admin\\lib\\index.js"}} {"metadata":{"emulator":{"name":"functions"},"function":{"name":"us-central1-chatbotGetSubjects"},"extension":{},"message":"[runtime-status] [16984] firebase-admin has been stubbed. {\"adminResolution\":{\"declared\":true,\"installed\":true,\"version\":\"13.8.0\",\"resolution\":\"C:\\\\Users\\\\Usuario\\\\Archivo---Copy\\\\functions\\\\node_modules\\\\firebase-admin\\\\lib\\\\index.js\"}}"}}
[debug] [2026-05-07T03:41:03.666Z] [runtime-status] [16984] Functions runtime initialized. {"cwd":"C:\\Users\\Usuario\\Archivo---Copy\\functions","node_version":"24.14.0"} {"metadata":{"emulator":{"name":"functions"},"function":{"name":"us-central1-chatbotGetSubjects"},"extension":{},"message":"[runtime-status] [16984] Functions runtime initialized. {\"cwd\":\"C:\\\\Users\\\\Usuario\\\\Archivo---Copy\\\\functions\",\"node_version\":\"24.14.0\"}"}}
[debug] [2026-05-07T03:41:03.666Z] [runtime-status] [16984] Listening to port: \\?\pipe\fire_emu_a7a936e9480fc062 {"metadata":{"emulator":{"name":"functions"},"function":{"name":"us-central1-chatbotGetSubjects"},"extension":{},"message":"[runtime-status] [16984] Listening to port: \\\\?\\pipe\\fire_emu_a7a936e9480fc062"}}
[debug] [2026-05-07T03:41:03.737Z] [worker-us-central1-chatbotGetSubjects-1cfa77ae-bfac-4399-8eb1-65fd5ba94376]: IDLE {"metadata":{"emulator":{"name":"functions"},"function":{"name":"us-central1-chatbotGetSubjects"},"extension":{},"message":"[worker-us-central1-chatbotGetSubjects-1cfa77ae-bfac-4399-8eb1-65fd5ba94376]: IDLE"}}
[debug] [2026-05-07T03:41:03.738Z] [worker-pool] submitRequest(triggerId=us-central1-chatbotGetSubjects) {"metadata":{"emulator":{"name":"functions"},"message":"[worker-pool] submitRequest(triggerId=us-central1-chatbotGetSubjects)"}}
[info] i  functions: Beginning execution of "us-central1-chatbotGetSubjects" {"metadata":{"emulator":{"name":"functions"},"function":{"name":"us-central1-chatbotGetSubjects"},"extension":{},"message":"Beginning execution of \"us-central1-chatbotGetSubjects\""}}
[debug] [2026-05-07T03:41:03.739Z] [worker-us-central1-chatbotGetSubjects-1cfa77ae-bfac-4399-8eb1-65fd5ba94376]: BUSY {"metadata":{"emulator":{"name":"functions"},"function":{"name":"us-central1-chatbotGetSubjects"},"extension":{},"message":"[worker-us-central1-chatbotGetSubjects-1cfa77ae-bfac-4399-8eb1-65fd5ba94376]: BUSY"}}
[debug] [2026-05-07T03:41:03.747Z] Finishing up request with event=pause {"metadata":{"emulator":{"name":"functions"},"function":{"name":"us-central1-chatbotGetSubjects"},"extension":{},"message":"Finishing up request with event=pause"}}
[info] i  functions: Finished "us-central1-chatbotGetSubjects" in 8.0552ms {"metadata":{"emulator":{"name":"functions"},"function":{"name":"us-central1-chatbotGetSubjects"},"extension":{},"message":"Finished \"us-central1-chatbotGetSubjects\" in 8.0552ms"}}
[debug] [2026-05-07T03:41:03.748Z] [worker-us-central1-chatbotGetSubjects-1cfa77ae-bfac-4399-8eb1-65fd5ba94376]: IDLE {"metadata":{"emulator":{"name":"functions"},"function":{"name":"us-central1-chatbotGetSubjects"},"extension":{},"message":"[worker-us-central1-chatbotGetSubjects-1cfa77ae-bfac-4399-8eb1-65fd5ba94376]: IDLE"}}
[debug] [2026-05-07T03:41:03.749Z] Finishing up request with event=finish {"metadata":{"emulator":{"name":"functions"},"function":{"name":"us-central1-chatbotGetSubjects"},"extension":{},"message":"Finishing up request with event=finish"}}
[debug] [2026-05-07T03:41:03.749Z] Finishing up request with event=close {"metadata":{"emulator":{"name":"functions"},"function":{"name":"us-central1-chatbotGetSubjects"},"extension":{},"message":"Finishing up request with event=close"}}
[debug] [2026-05-07T03:41:03.749Z] [work-queue] {"queuedWork":[],"queueLength":0,"runningWork":[],"workRunningCount":0}
[debug] [2026-05-07T03:41:03.751Z] [work-queue] {"queuedWork":["/rag-numi/us-central1/chatbotGetSubjects-2026-05-07T03:41:03.751Z"],"queueLength":1,"runningWork":[],"workRunningCount":0}
[debug] [2026-05-07T03:41:03.752Z] [work-queue] {"queuedWork":[],"queueLength":0,"runningWork":["/rag-numi/us-central1/chatbotGetSubjects-2026-05-07T03:41:03.751Z"],"workRunningCount":1}
[debug] [2026-05-07T03:41:03.752Z] Accepted request POST /rag-numi/us-central1/chatbotGetSubjects --> us-central1-chatbotGetSubjects
[debug] [2026-05-07T03:41:03.753Z] [functions] Runtime ready! Sending request! {"metadata":{"emulator":{"name":"functions"},"message":"[functions] Runtime ready! Sending request!"}}
[debug] [2026-05-07T03:41:03.753Z] [functions] Got req.url=/rag-numi/us-central1/chatbotGetSubjects, mapping to path=/ {"metadata":{"emulator":{"name":"functions"},"message":"[functions] Got req.url=/rag-numi/us-central1/chatbotGetSubjects, mapping to path=/"}}
[debug] [2026-05-07T03:41:03.753Z] [worker-pool] submitRequest(triggerId=us-central1-chatbotGetSubjects) {"metadata":{"emulator":{"name":"functions"},"message":"[worker-pool] submitRequest(triggerId=us-central1-chatbotGetSubjects)"}}
[info] i  functions: Beginning execution of "us-central1-chatbotGetSubjects" {"metadata":{"emulator":{"name":"functions"},"function":{"name":"us-central1-chatbotGetSubjects"},"extension":{},"message":"Beginning execution of \"us-central1-chatbotGetSubjects\""}}
[debug] [2026-05-07T03:41:03.755Z] [worker-us-central1-chatbotGetSubjects-1cfa77ae-bfac-4399-8eb1-65fd5ba94376]: BUSY {"metadata":{"emulator":{"name":"functions"},"function":{"name":"us-central1-chatbotGetSubjects"},"extension":{},"message":"[worker-us-central1-chatbotGetSubjects-1cfa77ae-bfac-4399-8eb1-65fd5ba94376]: BUSY"}}
[warn] !  Google API requested!
   - URL: "https://oauth2.googleapis.com/token"
   - Be careful, this may be a production service. {"metadata":{"emulator":{"name":"functions"},"function":{"name":"us-central1-chatbotGetSubjects"},"extension":{},"message":"Google API requested!\n   - URL: \"https://oauth2.googleapis.com/token\"\n   - Be careful, this may be a production service."}}
[debug] [2026-05-07T03:41:04.766Z] Finishing up request with event=pause {"metadata":{"emulator":{"name":"functions"},"function":{"name":"us-central1-chatbotGetSubjects"},"extension":{},"message":"Finishing up request with event=pause"}}
[info] i  functions: Finished "us-central1-chatbotGetSubjects" in 1011.7989ms {"metadata":{"emulator":{"name":"functions"},"function":{"name":"us-central1-chatbotGetSubjects"},"extension":{},"message":"Finished \"us-central1-chatbotGetSubjects\" in 1011.7989ms"}}
[debug] [2026-05-07T03:41:04.767Z] [worker-us-central1-chatbotGetSubjects-1cfa77ae-bfac-4399-8eb1-65fd5ba94376]: IDLE {"metadata":{"emulator":{"name":"functions"},"function":{"name":"us-central1-chatbotGetSubjects"},"extension":{},"message":"[worker-us-central1-chatbotGetSubjects-1cfa77ae-bfac-4399-8eb1-65fd5ba94376]: IDLE"}}
[debug] [2026-05-07T03:41:04.768Z] Finishing up request with event=finish {"metadata":{"emulator":{"name":"functions"},"function":{"name":"us-central1-chatbotGetSubjects"},"extension":{},"message":"Finishing up request with event=finish"}}
[debug] [2026-05-07T03:41:04.768Z] Finishing up request with event=close {"metadata":{"emulator":{"name":"functions"},"function":{"name":"us-central1-chatbotGetSubjects"},"extension":{},"message":"Finishing up request with event=close"}}
[debug] [2026-05-07T03:41:04.768Z] [work-queue] {"queuedWork":[],"queueLength":0,"runningWork":[],"workRunningCount":0}
[debug] [2026-05-07T03:41:07.502Z] [work-queue] {"queuedWork":["/rag-numi/us-central1/chatbotGetContent-2026-05-07T03:41:07.502Z"],"queueLength":1,"runningWork":[],"workRunningCount":0}
[debug] [2026-05-07T03:41:07.502Z] [work-queue] {"queuedWork":[],"queueLength":0,"runningWork":["/rag-numi/us-central1/chatbotGetContent-2026-05-07T03:41:07.502Z"],"workRunningCount":1}
[debug] [2026-05-07T03:41:07.502Z] Accepted request OPTIONS /rag-numi/us-central1/chatbotGetContent --> us-central1-chatbotGetContent
[debug] [2026-05-07T03:41:07.503Z] [functions] Runtime ready! Sending request! {"metadata":{"emulator":{"name":"functions"},"message":"[functions] Runtime ready! Sending request!"}}
[debug] [2026-05-07T03:41:07.503Z] [functions] Got req.url=/rag-numi/us-central1/chatbotGetContent, mapping to path=/ {"metadata":{"emulator":{"name":"functions"},"message":"[functions] Got req.url=/rag-numi/us-central1/chatbotGetContent, mapping to path=/"}}
[info] i  functions: Loaded environment variables from .env. 
[debug] [2026-05-07T03:41:07.518Z] [worker-pool] addWorker(us-central1-chatbotGetContent) {"metadata":{"emulator":{"name":"functions"},"message":"[worker-pool] addWorker(us-central1-chatbotGetContent)"}}
[debug] [2026-05-07T03:41:07.519Z] [worker-pool] Adding worker with key us-central1-chatbotGetContent, total=1 {"metadata":{"emulator":{"name":"functions"},"message":"[worker-pool] Adding worker with key us-central1-chatbotGetContent, total=1"}}
[debug] [2026-05-07T03:41:08.266Z] [runtime-status] [21988] Resolved module firebase-admin {"declared":true,"installed":true,"version":"13.8.0","resolution":"C:\\Users\\Usuario\\Archivo---Copy\\functions\\node_modules\\firebase-admin\\lib\\index.js"} {"metadata":{"emulator":{"name":"functions"},"function":{"name":"us-central1-chatbotGetContent"},"extension":{},"message":"[runtime-status] [21988] Resolved module firebase-admin {\"declared\":true,\"installed\":true,\"version\":\"13.8.0\",\"resolution\":\"C:\\\\Users\\\\Usuario\\\\Archivo---Copy\\\\functions\\\\node_modules\\\\firebase-admin\\\\lib\\\\index.js\"}"}}
[debug] [2026-05-07T03:41:08.267Z] [runtime-status] [21988] Resolved module firebase-functions {"declared":true,"installed":true,"version":"7.2.5","resolution":"C:\\Users\\Usuario\\Archivo---Copy\\functions\\node_modules\\firebase-functions\\lib\\v2\\index.js"} {"metadata":{"emulator":{"name":"functions"},"function":{"name":"us-central1-chatbotGetContent"},"extension":{},"message":"[runtime-status] [21988] Resolved module firebase-functions {\"declared\":true,\"installed\":true,\"version\":\"7.2.5\",\"resolution\":\"C:\\\\Users\\\\Usuario\\\\Archivo---Copy\\\\functions\\\\node_modules\\\\firebase-functions\\\\lib\\\\v2\\\\index.js\"}"}}
[debug] [2026-05-07T03:41:08.267Z] [runtime-status] [21988] Outgoing network have been stubbed. [{"name":"http","status":"mocked"},{"name":"http","status":"mocked"},{"name":"https","status":"mocked"},{"name":"https","status":"mocked"},{"name":"net","status":"mocked"}] {"metadata":{"emulator":{"name":"functions"},"function":{"name":"us-central1-chatbotGetContent"},"extension":{},"message":"[runtime-status] [21988] Outgoing network have been stubbed. [{\"name\":\"http\",\"status\":\"mocked\"},{\"name\":\"http\",\"status\":\"mocked\"},{\"name\":\"https\",\"status\":\"mocked\"},{\"name\":\"https\",\"status\":\"mocked\"},{\"name\":\"net\",\"status\":\"mocked\"}]"}}
[debug] [2026-05-07T03:41:08.268Z] [runtime-status] [21988] Resolved module firebase-functions {"declared":true,"installed":true,"version":"7.2.5","resolution":"C:\\Users\\Usuario\\Archivo---Copy\\functions\\node_modules\\firebase-functions\\lib\\v2\\index.js"} {"metadata":{"emulator":{"name":"functions"},"function":{"name":"us-central1-chatbotGetContent"},"extension":{},"message":"[runtime-status] [21988] Resolved module firebase-functions {\"declared\":true,\"installed\":true,\"version\":\"7.2.5\",\"resolution\":\"C:\\\\Users\\\\Usuario\\\\Archivo---Copy\\\\functions\\\\node_modules\\\\firebase-functions\\\\lib\\\\v2\\\\index.js\"}"}}
[debug] [2026-05-07T03:41:08.269Z] [runtime-status] [21988] Detected firebase-functions v7+, skipping legacy stubs. {"metadata":{"emulator":{"name":"functions"},"function":{"name":"us-central1-chatbotGetContent"},"extension":{},"message":"[runtime-status] [21988] Detected firebase-functions v7+, skipping legacy stubs."}}
[debug] [2026-05-07T03:41:08.269Z] [runtime-status] [21988] Resolved module firebase-admin {"declared":true,"installed":true,"version":"13.8.0","resolution":"C:\\Users\\Usuario\\Archivo---Copy\\functions\\node_modules\\firebase-admin\\lib\\index.js"} {"metadata":{"emulator":{"name":"functions"},"function":{"name":"us-central1-chatbotGetContent"},"extension":{},"message":"[runtime-status] [21988] Resolved module firebase-admin {\"declared\":true,\"installed\":true,\"version\":\"13.8.0\",\"resolution\":\"C:\\\\Users\\\\Usuario\\\\Archivo---Copy\\\\functions\\\\node_modules\\\\firebase-admin\\\\lib\\\\index.js\"}"}}
[debug] [2026-05-07T03:41:08.307Z] [runtime-status] [21988] Resolved module firebase-functions {"declared":true,"installed":true,"version":"7.2.5","resolution":"C:\\Users\\Usuario\\Archivo---Copy\\functions\\node_modules\\firebase-functions\\lib\\v2\\index.js"} {"metadata":{"emulator":{"name":"functions"},"function":{"name":"us-central1-chatbotGetContent"},"extension":{},"message":"[runtime-status] [21988] Resolved module firebase-functions {\"declared\":true,\"installed\":true,\"version\":\"7.2.5\",\"resolution\":\"C:\\\\Users\\\\Usuario\\\\Archivo---Copy\\\\functions\\\\node_modules\\\\firebase-functions\\\\lib\\\\v2\\\\index.js\"}"}}
[debug] [2026-05-07T03:41:08.467Z] [runtime-status] [21988] firebase-admin has been stubbed. {"adminResolution":{"declared":true,"installed":true,"version":"13.8.0","resolution":"C:\\Users\\Usuario\\Archivo---Copy\\functions\\node_modules\\firebase-admin\\lib\\index.js"}} {"metadata":{"emulator":{"name":"functions"},"function":{"name":"us-central1-chatbotGetContent"},"extension":{},"message":"[runtime-status] [21988] firebase-admin has been stubbed. {\"adminResolution\":{\"declared\":true,\"installed\":true,\"version\":\"13.8.0\",\"resolution\":\"C:\\\\Users\\\\Usuario\\\\Archivo---Copy\\\\functions\\\\node_modules\\\\firebase-admin\\\\lib\\\\index.js\"}}"}}
[debug] [2026-05-07T03:41:09.165Z] [runtime-status] [21988] Functions runtime initialized. {"cwd":"C:\\Users\\Usuario\\Archivo---Copy\\functions","node_version":"24.14.0"} {"metadata":{"emulator":{"name":"functions"},"function":{"name":"us-central1-chatbotGetContent"},"extension":{},"message":"[runtime-status] [21988] Functions runtime initialized. {\"cwd\":\"C:\\\\Users\\\\Usuario\\\\Archivo---Copy\\\\functions\",\"node_version\":\"24.14.0\"}"}}
[debug] [2026-05-07T03:41:09.166Z] [runtime-status] [21988] Listening to port: \\?\pipe\fire_emu_0342bb57c52dbe87 {"metadata":{"emulator":{"name":"functions"},"function":{"name":"us-central1-chatbotGetContent"},"extension":{},"message":"[runtime-status] [21988] Listening to port: \\\\?\\pipe\\fire_emu_0342bb57c52dbe87"}}
[debug] [2026-05-07T03:41:09.265Z] [worker-us-central1-chatbotGetContent-8cffef55-ef6d-4b2e-98d7-64e9f9f8276b]: IDLE {"metadata":{"emulator":{"name":"functions"},"function":{"name":"us-central1-chatbotGetContent"},"extension":{},"message":"[worker-us-central1-chatbotGetContent-8cffef55-ef6d-4b2e-98d7-64e9f9f8276b]: IDLE"}}
[debug] [2026-05-07T03:41:09.266Z] [worker-pool] submitRequest(triggerId=us-central1-chatbotGetContent) {"metadata":{"emulator":{"name":"functions"},"message":"[worker-pool] submitRequest(triggerId=us-central1-chatbotGetContent)"}}
[info] i  functions: Beginning execution of "us-central1-chatbotGetContent" {"metadata":{"emulator":{"name":"functions"},"function":{"name":"us-central1-chatbotGetContent"},"extension":{},"message":"Beginning execution of \"us-central1-chatbotGetContent\""}}
[debug] [2026-05-07T03:41:09.266Z] [worker-us-central1-chatbotGetContent-8cffef55-ef6d-4b2e-98d7-64e9f9f8276b]: BUSY {"metadata":{"emulator":{"name":"functions"},"function":{"name":"us-central1-chatbotGetContent"},"extension":{},"message":"[worker-us-central1-chatbotGetContent-8cffef55-ef6d-4b2e-98d7-64e9f9f8276b]: BUSY"}}
[debug] [2026-05-07T03:41:09.270Z] Finishing up request with event=pause {"metadata":{"emulator":{"name":"functions"},"function":{"name":"us-central1-chatbotGetContent"},"extension":{},"message":"Finishing up request with event=pause"}}
[info] i  functions: Finished "us-central1-chatbotGetContent" in 4.2362ms {"metadata":{"emulator":{"name":"functions"},"function":{"name":"us-central1-chatbotGetContent"},"extension":{},"message":"Finished \"us-central1-chatbotGetContent\" in 4.2362ms"}}
[debug] [2026-05-07T03:41:09.271Z] [worker-us-central1-chatbotGetContent-8cffef55-ef6d-4b2e-98d7-64e9f9f8276b]: IDLE {"metadata":{"emulator":{"name":"functions"},"function":{"name":"us-central1-chatbotGetContent"},"extension":{},"message":"[worker-us-central1-chatbotGetContent-8cffef55-ef6d-4b2e-98d7-64e9f9f8276b]: IDLE"}}
[debug] [2026-05-07T03:41:09.272Z] Finishing up request with event=finish {"metadata":{"emulator":{"name":"functions"},"function":{"name":"us-central1-chatbotGetContent"},"extension":{},"message":"Finishing up request with event=finish"}}
[debug] [2026-05-07T03:41:09.272Z] Finishing up request with event=close {"metadata":{"emulator":{"name":"functions"},"function":{"name":"us-central1-chatbotGetContent"},"extension":{},"message":"Finishing up request with event=close"}}
[debug] [2026-05-07T03:41:09.272Z] [work-queue] {"queuedWork":[],"queueLength":0,"runningWork":[],"workRunningCount":0}
[debug] [2026-05-07T03:41:09.273Z] [work-queue] {"queuedWork":["/rag-numi/us-central1/chatbotGetContent-2026-05-07T03:41:09.273Z"],"queueLength":1,"runningWork":[],"workRunningCount":0}
[debug] [2026-05-07T03:41:09.274Z] [work-queue] {"queuedWork":[],"queueLength":0,"runningWork":["/rag-numi/us-central1/chatbotGetContent-2026-05-07T03:41:09.273Z"],"workRunningCount":1}
[debug] [2026-05-07T03:41:09.274Z] Accepted request POST /rag-numi/us-central1/chatbotGetContent --> us-central1-chatbotGetContent
[debug] [2026-05-07T03:41:09.274Z] [functions] Runtime ready! Sending request! {"metadata":{"emulator":{"name":"functions"},"message":"[functions] Runtime ready! Sending request!"}}
[debug] [2026-05-07T03:41:09.275Z] [functions] Got req.url=/rag-numi/us-central1/chatbotGetContent, mapping to path=/ {"metadata":{"emulator":{"name":"functions"},"message":"[functions] Got req.url=/rag-numi/us-central1/chatbotGetContent, mapping to path=/"}}
[debug] [2026-05-07T03:41:09.275Z] [worker-pool] submitRequest(triggerId=us-central1-chatbotGetContent) {"metadata":{"emulator":{"name":"functions"},"message":"[worker-pool] submitRequest(triggerId=us-central1-chatbotGetContent)"}}
[info] i  functions: Beginning execution of "us-central1-chatbotGetContent" {"metadata":{"emulator":{"name":"functions"},"function":{"name":"us-central1-chatbotGetContent"},"extension":{},"message":"Beginning execution of \"us-central1-chatbotGetContent\""}}
[debug] [2026-05-07T03:41:09.276Z] [worker-us-central1-chatbotGetContent-8cffef55-ef6d-4b2e-98d7-64e9f9f8276b]: BUSY {"metadata":{"emulator":{"name":"functions"},"function":{"name":"us-central1-chatbotGetContent"},"extension":{},"message":"[worker-us-central1-chatbotGetContent-8cffef55-ef6d-4b2e-98d7-64e9f9f8276b]: BUSY"}}
[warn] !  Google API requested!
   - URL: "https://oauth2.googleapis.com/token"
   - Be careful, this may be a production service. {"metadata":{"emulator":{"name":"functions"},"function":{"name":"us-central1-chatbotGetContent"},"extension":{},"message":"Google API requested!\n   - URL: \"https://oauth2.googleapis.com/token\"\n   - Be careful, this may be a production service."}}
[debug] [2026-05-07T03:41:10.488Z] Finishing up request with event=pause {"metadata":{"emulator":{"name":"functions"},"function":{"name":"us-central1-chatbotGetContent"},"extension":{},"message":"Finishing up request with event=pause"}}
[info] i  functions: Finished "us-central1-chatbotGetContent" in 1212.2363ms {"metadata":{"emulator":{"name":"functions"},"function":{"name":"us-central1-chatbotGetContent"},"extension":{},"message":"Finished \"us-central1-chatbotGetContent\" in 1212.2363ms"}}
[debug] [2026-05-07T03:41:10.489Z] [worker-us-central1-chatbotGetContent-8cffef55-ef6d-4b2e-98d7-64e9f9f8276b]: IDLE {"metadata":{"emulator":{"name":"functions"},"function":{"name":"us-central1-chatbotGetContent"},"extension":{},"message":"[worker-us-central1-chatbotGetContent-8cffef55-ef6d-4b2e-98d7-64e9f9f8276b]: IDLE"}}
[debug] [2026-05-07T03:41:10.489Z] Finishing up request with event=finish {"metadata":{"emulator":{"name":"functions"},"function":{"name":"us-central1-chatbotGetContent"},"extension":{},"message":"Finishing up request with event=finish"}}
[debug] [2026-05-07T03:41:10.489Z] Finishing up request with event=close {"metadata":{"emulator":{"name":"functions"},"function":{"name":"us-central1-chatbotGetContent"},"extension":{},"message":"Finishing up request with event=close"}}
[debug] [2026-05-07T03:41:10.490Z] [work-queue] {"queuedWork":[],"queueLength":0,"runningWork":[],"workRunningCount":0}
[debug] [2026-05-07T03:41:15.735Z] [work-queue] {"queuedWork":["/rag-numi/us-central1/chatbotAsk-2026-05-07T03:41:15.735Z"],"queueLength":1,"runningWork":[],"workRunningCount":0}
[debug] [2026-05-07T03:41:15.736Z] [work-queue] {"queuedWork":[],"queueLength":0,"runningWork":["/rag-numi/us-central1/chatbotAsk-2026-05-07T03:41:15.735Z"],"workRunningCount":1}
[debug] [2026-05-07T03:41:15.736Z] Accepted request OPTIONS /rag-numi/us-central1/chatbotAsk --> us-central1-chatbotAsk
[debug] [2026-05-07T03:41:15.736Z] [functions] Runtime ready! Sending request! {"metadata":{"emulator":{"name":"functions"},"message":"[functions] Runtime ready! Sending request!"}}
[debug] [2026-05-07T03:41:15.737Z] [functions] Got req.url=/rag-numi/us-central1/chatbotAsk, mapping to path=/ {"metadata":{"emulator":{"name":"functions"},"message":"[functions] Got req.url=/rag-numi/us-central1/chatbotAsk, mapping to path=/"}}
[info] i  functions: Loaded environment variables from .env. 
[debug] [2026-05-07T03:41:15.748Z] [worker-pool] addWorker(us-central1-chatbotAsk) {"metadata":{"emulator":{"name":"functions"},"message":"[worker-pool] addWorker(us-central1-chatbotAsk)"}}
[debug] [2026-05-07T03:41:15.749Z] [worker-pool] Adding worker with key us-central1-chatbotAsk, total=1 {"metadata":{"emulator":{"name":"functions"},"message":"[worker-pool] Adding worker with key us-central1-chatbotAsk, total=1"}}
[debug] [2026-05-07T03:41:16.523Z] [runtime-status] [5092] Resolved module firebase-admin {"declared":true,"installed":true,"version":"13.8.0","resolution":"C:\\Users\\Usuario\\Archivo---Copy\\functions\\node_modules\\firebase-admin\\lib\\index.js"} {"metadata":{"emulator":{"name":"functions"},"function":{"name":"us-central1-chatbotAsk"},"extension":{},"message":"[runtime-status] [5092] Resolved module firebase-admin {\"declared\":true,\"installed\":true,\"version\":\"13.8.0\",\"resolution\":\"C:\\\\Users\\\\Usuario\\\\Archivo---Copy\\\\functions\\\\node_modules\\\\firebase-admin\\\\lib\\\\index.js\"}"}}
[debug] [2026-05-07T03:41:16.525Z] [runtime-status] [5092] Resolved module firebase-functions {"declared":true,"installed":true,"version":"7.2.5","resolution":"C:\\Users\\Usuario\\Archivo---Copy\\functions\\node_modules\\firebase-functions\\lib\\v2\\index.js"} {"metadata":{"emulator":{"name":"functions"},"function":{"name":"us-central1-chatbotAsk"},"extension":{},"message":"[runtime-status] [5092] Resolved module firebase-functions {\"declared\":true,\"installed\":true,\"version\":\"7.2.5\",\"resolution\":\"C:\\\\Users\\\\Usuario\\\\Archivo---Copy\\\\functions\\\\node_modules\\\\firebase-functions\\\\lib\\\\v2\\\\index.js\"}"}}
[debug] [2026-05-07T03:41:16.525Z] [runtime-status] [5092] Outgoing network have been stubbed. [{"name":"http","status":"mocked"},{"name":"http","status":"mocked"},{"name":"https","status":"mocked"},{"name":"https","status":"mocked"},{"name":"net","status":"mocked"}] {"metadata":{"emulator":{"name":"functions"},"function":{"name":"us-central1-chatbotAsk"},"extension":{},"message":"[runtime-status] [5092] Outgoing network have been stubbed. [{\"name\":\"http\",\"status\":\"mocked\"},{\"name\":\"http\",\"status\":\"mocked\"},{\"name\":\"https\",\"status\":\"mocked\"},{\"name\":\"https\",\"status\":\"mocked\"},{\"name\":\"net\",\"status\":\"mocked\"}]"}}
[debug] [2026-05-07T03:41:16.526Z] [runtime-status] [5092] Resolved module firebase-functions {"declared":true,"installed":true,"version":"7.2.5","resolution":"C:\\Users\\Usuario\\Archivo---Copy\\functions\\node_modules\\firebase-functions\\lib\\v2\\index.js"} {"metadata":{"emulator":{"name":"functions"},"function":{"name":"us-central1-chatbotAsk"},"extension":{},"message":"[runtime-status] [5092] Resolved module firebase-functions {\"declared\":true,\"installed\":true,\"version\":\"7.2.5\",\"resolution\":\"C:\\\\Users\\\\Usuario\\\\Archivo---Copy\\\\functions\\\\node_modules\\\\firebase-functions\\\\lib\\\\v2\\\\index.js\"}"}}
[debug] [2026-05-07T03:41:16.526Z] [runtime-status] [5092] Detected firebase-functions v7+, skipping legacy stubs. {"metadata":{"emulator":{"name":"functions"},"function":{"name":"us-central1-chatbotAsk"},"extension":{},"message":"[runtime-status] [5092] Detected firebase-functions v7+, skipping legacy stubs."}}
[debug] [2026-05-07T03:41:16.526Z] [runtime-status] [5092] Resolved module firebase-admin {"declared":true,"installed":true,"version":"13.8.0","resolution":"C:\\Users\\Usuario\\Archivo---Copy\\functions\\node_modules\\firebase-admin\\lib\\index.js"} {"metadata":{"emulator":{"name":"functions"},"function":{"name":"us-central1-chatbotAsk"},"extension":{},"message":"[runtime-status] [5092] Resolved module firebase-admin {\"declared\":true,\"installed\":true,\"version\":\"13.8.0\",\"resolution\":\"C:\\\\Users\\\\Usuario\\\\Archivo---Copy\\\\functions\\\\node_modules\\\\firebase-admin\\\\lib\\\\index.js\"}"}}
[debug] [2026-05-07T03:41:16.566Z] [runtime-status] [5092] Resolved module firebase-functions {"declared":true,"installed":true,"version":"7.2.5","resolution":"C:\\Users\\Usuario\\Archivo---Copy\\functions\\node_modules\\firebase-functions\\lib\\v2\\index.js"} {"metadata":{"emulator":{"name":"functions"},"function":{"name":"us-central1-chatbotAsk"},"extension":{},"message":"[runtime-status] [5092] Resolved module firebase-functions {\"declared\":true,\"installed\":true,\"version\":\"7.2.5\",\"resolution\":\"C:\\\\Users\\\\Usuario\\\\Archivo---Copy\\\\functions\\\\node_modules\\\\firebase-functions\\\\lib\\\\v2\\\\index.js\"}"}}
[debug] [2026-05-07T03:41:16.728Z] [runtime-status] [5092] firebase-admin has been stubbed. {"adminResolution":{"declared":true,"installed":true,"version":"13.8.0","resolution":"C:\\Users\\Usuario\\Archivo---Copy\\functions\\node_modules\\firebase-admin\\lib\\index.js"}} {"metadata":{"emulator":{"name":"functions"},"function":{"name":"us-central1-chatbotAsk"},"extension":{},"message":"[runtime-status] [5092] firebase-admin has been stubbed. {\"adminResolution\":{\"declared\":true,\"installed\":true,\"version\":\"13.8.0\",\"resolution\":\"C:\\\\Users\\\\Usuario\\\\Archivo---Copy\\\\functions\\\\node_modules\\\\firebase-admin\\\\lib\\\\index.js\"}}"}}
[debug] [2026-05-07T03:41:17.435Z] [runtime-status] [5092] Functions runtime initialized. {"cwd":"C:\\Users\\Usuario\\Archivo---Copy\\functions","node_version":"24.14.0"} {"metadata":{"emulator":{"name":"functions"},"function":{"name":"us-central1-chatbotAsk"},"extension":{},"message":"[runtime-status] [5092] Functions runtime initialized. {\"cwd\":\"C:\\\\Users\\\\Usuario\\\\Archivo---Copy\\\\functions\",\"node_version\":\"24.14.0\"}"}}
[debug] [2026-05-07T03:41:17.435Z] [runtime-status] [5092] Listening to port: \\?\pipe\fire_emu_b1ea8948f85b2346 {"metadata":{"emulator":{"name":"functions"},"function":{"name":"us-central1-chatbotAsk"},"extension":{},"message":"[runtime-status] [5092] Listening to port: \\\\?\\pipe\\fire_emu_b1ea8948f85b2346"}}
[debug] [2026-05-07T03:41:17.497Z] [worker-us-central1-chatbotAsk-11ed7e61-595c-495b-95b1-b889ec377fea]: IDLE {"metadata":{"emulator":{"name":"functions"},"function":{"name":"us-central1-chatbotAsk"},"extension":{},"message":"[worker-us-central1-chatbotAsk-11ed7e61-595c-495b-95b1-b889ec377fea]: IDLE"}}
[debug] [2026-05-07T03:41:17.498Z] [worker-pool] submitRequest(triggerId=us-central1-chatbotAsk) {"metadata":{"emulator":{"name":"functions"},"message":"[worker-pool] submitRequest(triggerId=us-central1-chatbotAsk)"}}
[info] i  functions: Beginning execution of "us-central1-chatbotAsk" {"metadata":{"emulator":{"name":"functions"},"function":{"name":"us-central1-chatbotAsk"},"extension":{},"message":"Beginning execution of \"us-central1-chatbotAsk\""}}
[debug] [2026-05-07T03:41:17.499Z] [worker-us-central1-chatbotAsk-11ed7e61-595c-495b-95b1-b889ec377fea]: BUSY {"metadata":{"emulator":{"name":"functions"},"function":{"name":"us-central1-chatbotAsk"},"extension":{},"message":"[worker-us-central1-chatbotAsk-11ed7e61-595c-495b-95b1-b889ec377fea]: BUSY"}}
[debug] [2026-05-07T03:41:17.502Z] Finishing up request with event=pause {"metadata":{"emulator":{"name":"functions"},"function":{"name":"us-central1-chatbotAsk"},"extension":{},"message":"Finishing up request with event=pause"}}
[info] i  functions: Finished "us-central1-chatbotAsk" in 4.1242ms {"metadata":{"emulator":{"name":"functions"},"function":{"name":"us-central1-chatbotAsk"},"extension":{},"message":"Finished \"us-central1-chatbotAsk\" in 4.1242ms"}}
[debug] [2026-05-07T03:41:17.503Z] [worker-us-central1-chatbotAsk-11ed7e61-595c-495b-95b1-b889ec377fea]: IDLE {"metadata":{"emulator":{"name":"functions"},"function":{"name":"us-central1-chatbotAsk"},"extension":{},"message":"[worker-us-central1-chatbotAsk-11ed7e61-595c-495b-95b1-b889ec377fea]: IDLE"}}
[debug] [2026-05-07T03:41:17.504Z] Finishing up request with event=finish {"metadata":{"emulator":{"name":"functions"},"function":{"name":"us-central1-chatbotAsk"},"extension":{},"message":"Finishing up request with event=finish"}}
[debug] [2026-05-07T03:41:17.504Z] Finishing up request with event=close {"metadata":{"emulator":{"name":"functions"},"function":{"name":"us-central1-chatbotAsk"},"extension":{},"message":"Finishing up request with event=close"}}
[debug] [2026-05-07T03:41:17.504Z] [work-queue] {"queuedWork":[],"queueLength":0,"runningWork":[],"workRunningCount":0}
[debug] [2026-05-07T03:41:17.505Z] [work-queue] {"queuedWork":["/rag-numi/us-central1/chatbotAsk-2026-05-07T03:41:17.505Z"],"queueLength":1,"runningWork":[],"workRunningCount":0}
[debug] [2026-05-07T03:41:17.505Z] [work-queue] {"queuedWork":[],"queueLength":0,"runningWork":["/rag-numi/us-central1/chatbotAsk-2026-05-07T03:41:17.505Z"],"workRunningCount":1}
[debug] [2026-05-07T03:41:17.505Z] Accepted request POST /rag-numi/us-central1/chatbotAsk --> us-central1-chatbotAsk
[debug] [2026-05-07T03:41:17.506Z] [functions] Runtime ready! Sending request! {"metadata":{"emulator":{"name":"functions"},"message":"[functions] Runtime ready! Sending request!"}}
[debug] [2026-05-07T03:41:17.506Z] [functions] Got req.url=/rag-numi/us-central1/chatbotAsk, mapping to path=/ {"metadata":{"emulator":{"name":"functions"},"message":"[functions] Got req.url=/rag-numi/us-central1/chatbotAsk, mapping to path=/"}}
[debug] [2026-05-07T03:41:17.507Z] [worker-pool] submitRequest(triggerId=us-central1-chatbotAsk) {"metadata":{"emulator":{"name":"functions"},"message":"[worker-pool] submitRequest(triggerId=us-central1-chatbotAsk)"}}
[info] i  functions: Beginning execution of "us-central1-chatbotAsk" {"metadata":{"emulator":{"name":"functions"},"function":{"name":"us-central1-chatbotAsk"},"extension":{},"message":"Beginning execution of \"us-central1-chatbotAsk\""}}
[debug] [2026-05-07T03:41:17.507Z] [worker-us-central1-chatbotAsk-11ed7e61-595c-495b-95b1-b889ec377fea]: BUSY {"metadata":{"emulator":{"name":"functions"},"function":{"name":"us-central1-chatbotAsk"},"extension":{},"message":"[worker-us-central1-chatbotAsk-11ed7e61-595c-495b-95b1-b889ec377fea]: BUSY"}}
[debug] [2026-05-07T03:41:17.547Z] Finishing up request with event=pause {"metadata":{"emulator":{"name":"functions"},"function":{"name":"us-central1-chatbotAsk"},"extension":{},"message":"Finishing up request with event=pause"}}
[info] i  functions: Finished "us-central1-chatbotAsk" in 39.9311ms {"metadata":{"emulator":{"name":"functions"},"function":{"name":"us-central1-chatbotAsk"},"extension":{},"message":"Finished \"us-central1-chatbotAsk\" in 39.9311ms"}}
[debug] [2026-05-07T03:41:17.548Z] [worker-us-central1-chatbotAsk-11ed7e61-595c-495b-95b1-b889ec377fea]: IDLE {"metadata":{"emulator":{"name":"functions"},"function":{"name":"us-central1-chatbotAsk"},"extension":{},"message":"[worker-us-central1-chatbotAsk-11ed7e61-595c-495b-95b1-b889ec377fea]: IDLE"}}
[debug] [2026-05-07T03:41:17.549Z] Finishing up request with event=finish {"metadata":{"emulator":{"name":"functions"},"function":{"name":"us-central1-chatbotAsk"},"extension":{},"message":"Finishing up request with event=finish"}}
[debug] [2026-05-07T03:41:17.549Z] Finishing up request with event=close {"metadata":{"emulator":{"name":"functions"},"function":{"name":"us-central1-chatbotAsk"},"extension":{},"message":"Finishing up request with event=close"}}
[debug] [2026-05-07T03:41:17.549Z] [work-queue] {"queuedWork":[],"queueLength":0,"runningWork":[],"workRunningCount":0}
[debug] [2026-05-07T03:43:37.986Z] [work-queue] {"queuedWork":["/rag-numi/us-central1/chatbotAsk-2026-05-07T03:43:37.986Z"],"queueLength":1,"runningWork":[],"workRunningCount":0}
[debug] [2026-05-07T03:43:37.986Z] [work-queue] {"queuedWork":[],"queueLength":0,"runningWork":["/rag-numi/us-central1/chatbotAsk-2026-05-07T03:43:37.986Z"],"workRunningCount":1}
[debug] [2026-05-07T03:43:37.986Z] Accepted request OPTIONS /rag-numi/us-central1/chatbotAsk --> us-central1-chatbotAsk
[debug] [2026-05-07T03:43:37.987Z] [functions] Runtime ready! Sending request! {"metadata":{"emulator":{"name":"functions"},"message":"[functions] Runtime ready! Sending request!"}}
[debug] [2026-05-07T03:43:37.987Z] [functions] Got req.url=/rag-numi/us-central1/chatbotAsk, mapping to path=/ {"metadata":{"emulator":{"name":"functions"},"message":"[functions] Got req.url=/rag-numi/us-central1/chatbotAsk, mapping to path=/"}}
[debug] [2026-05-07T03:43:37.987Z] [worker-pool] submitRequest(triggerId=us-central1-chatbotAsk) {"metadata":{"emulator":{"name":"functions"},"message":"[worker-pool] submitRequest(triggerId=us-central1-chatbotAsk)"}}
[info] i  functions: Beginning execution of "us-central1-chatbotAsk" {"metadata":{"emulator":{"name":"functions"},"function":{"name":"us-central1-chatbotAsk"},"extension":{},"message":"Beginning execution of \"us-central1-chatbotAsk\""}}
[debug] [2026-05-07T03:43:37.988Z] [worker-us-central1-chatbotAsk-11ed7e61-595c-495b-95b1-b889ec377fea]: BUSY {"metadata":{"emulator":{"name":"functions"},"function":{"name":"us-central1-chatbotAsk"},"extension":{},"message":"[worker-us-central1-chatbotAsk-11ed7e61-595c-495b-95b1-b889ec377fea]: BUSY"}}
[debug] [2026-05-07T03:43:37.992Z] Finishing up request with event=pause {"metadata":{"emulator":{"name":"functions"},"function":{"name":"us-central1-chatbotAsk"},"extension":{},"message":"Finishing up request with event=pause"}}
[info] i  functions: Finished "us-central1-chatbotAsk" in 4.0914ms {"metadata":{"emulator":{"name":"functions"},"function":{"name":"us-central1-chatbotAsk"},"extension":{},"message":"Finished \"us-central1-chatbotAsk\" in 4.0914ms"}}
[debug] [2026-05-07T03:43:37.993Z] [worker-us-central1-chatbotAsk-11ed7e61-595c-495b-95b1-b889ec377fea]: IDLE {"metadata":{"emulator":{"name":"functions"},"function":{"name":"us-central1-chatbotAsk"},"extension":{},"message":"[worker-us-central1-chatbotAsk-11ed7e61-595c-495b-95b1-b889ec377fea]: IDLE"}}
[debug] [2026-05-07T03:43:37.993Z] Finishing up request with event=finish {"metadata":{"emulator":{"name":"functions"},"function":{"name":"us-central1-chatbotAsk"},"extension":{},"message":"Finishing up request with event=finish"}}
[debug] [2026-05-07T03:43:37.994Z] Finishing up request with event=close {"metadata":{"emulator":{"name":"functions"},"function":{"name":"us-central1-chatbotAsk"},"extension":{},"message":"Finishing up request with event=close"}}
[debug] [2026-05-07T03:43:37.994Z] [work-queue] {"queuedWork":[],"queueLength":0,"runningWork":[],"workRunningCount":0}
[debug] [2026-05-07T03:43:37.995Z] [work-queue] {"queuedWork":["/rag-numi/us-central1/chatbotAsk-2026-05-07T03:43:37.995Z"],"queueLength":1,"runningWork":[],"workRunningCount":0}
[debug] [2026-05-07T03:43:37.996Z] [work-queue] {"queuedWork":[],"queueLength":0,"runningWork":["/rag-numi/us-central1/chatbotAsk-2026-05-07T03:43:37.995Z"],"workRunningCount":1}
[debug] [2026-05-07T03:43:37.996Z] Accepted request POST /rag-numi/us-central1/chatbotAsk --> us-central1-chatbotAsk
[debug] [2026-05-07T03:43:37.996Z] [functions] Runtime ready! Sending request! {"metadata":{"emulator":{"name":"functions"},"message":"[functions] Runtime ready! Sending request!"}}
[debug] [2026-05-07T03:43:37.996Z] [functions] Got req.url=/rag-numi/us-central1/chatbotAsk, mapping to path=/ {"metadata":{"emulator":{"name":"functions"},"message":"[functions] Got req.url=/rag-numi/us-central1/chatbotAsk, mapping to path=/"}}
[debug] [2026-05-07T03:43:37.996Z] [worker-pool] submitRequest(triggerId=us-central1-chatbotAsk) {"metadata":{"emulator":{"name":"functions"},"message":"[worker-pool] submitRequest(triggerId=us-central1-chatbotAsk)"}}
[info] i  functions: Beginning execution of "us-central1-chatbotAsk" {"metadata":{"emulator":{"name":"functions"},"function":{"name":"us-central1-chatbotAsk"},"extension":{},"message":"Beginning execution of \"us-central1-chatbotAsk\""}}
[debug] [2026-05-07T03:43:37.997Z] [worker-us-central1-chatbotAsk-11ed7e61-595c-495b-95b1-b889ec377fea]: BUSY {"metadata":{"emulator":{"name":"functions"},"function":{"name":"us-central1-chatbotAsk"},"extension":{},"message":"[worker-us-central1-chatbotAsk-11ed7e61-595c-495b-95b1-b889ec377fea]: BUSY"}}
[debug] [2026-05-07T03:43:38.004Z] Finishing up request with event=pause {"metadata":{"emulator":{"name":"functions"},"function":{"name":"us-central1-chatbotAsk"},"extension":{},"message":"Finishing up request with event=pause"}}
[info] i  functions: Finished "us-central1-chatbotAsk" in 7.1334ms {"metadata":{"emulator":{"name":"functions"},"function":{"name":"us-central1-chatbotAsk"},"extension":{},"message":"Finished \"us-central1-chatbotAsk\" in 7.1334ms"}}
[debug] [2026-05-07T03:43:38.005Z] [worker-us-central1-chatbotAsk-11ed7e61-595c-495b-95b1-b889ec377fea]: IDLE {"metadata":{"emulator":{"name":"functions"},"function":{"name":"us-central1-chatbotAsk"},"extension":{},"message":"[worker-us-central1-chatbotAsk-11ed7e61-595c-495b-95b1-b889ec377fea]: IDLE"}}
[debug] [2026-05-07T03:43:38.005Z] Finishing up request with event=finish {"metadata":{"emulator":{"name":"functions"},"function":{"name":"us-central1-chatbotAsk"},"extension":{},"message":"Finishing up request with event=finish"}}
[debug] [2026-05-07T03:43:38.006Z] Finishing up request with event=close {"metadata":{"emulator":{"name":"functions"},"function":{"name":"us-central1-chatbotAsk"},"extension":{},"message":"Finishing up request with event=close"}}
[debug] [2026-05-07T03:43:38.006Z] [work-queue] {"queuedWork":[],"queueLength":0,"runningWork":[],"workRunningCount":0}
[debug] [2026-05-07T03:44:24.377Z] [work-queue] {"queuedWork":["/rag-numi/us-central1/chatbotAsk-2026-05-07T03:44:24.377Z"],"queueLength":1,"runningWork":[],"workRunningCount":0}
[debug] [2026-05-07T03:44:24.377Z] [work-queue] {"queuedWork":[],"queueLength":0,"runningWork":["/rag-numi/us-central1/chatbotAsk-2026-05-07T03:44:24.377Z"],"workRunningCount":1}
[debug] [2026-05-07T03:44:24.377Z] Accepted request OPTIONS /rag-numi/us-central1/chatbotAsk --> us-central1-chatbotAsk
[debug] [2026-05-07T03:44:24.378Z] [functions] Runtime ready! Sending request! {"metadata":{"emulator":{"name":"functions"},"message":"[functions] Runtime ready! Sending request!"}}
[debug] [2026-05-07T03:44:24.378Z] [functions] Got req.url=/rag-numi/us-central1/chatbotAsk, mapping to path=/ {"metadata":{"emulator":{"name":"functions"},"message":"[functions] Got req.url=/rag-numi/us-central1/chatbotAsk, mapping to path=/"}}
[debug] [2026-05-07T03:44:24.378Z] [worker-pool] submitRequest(triggerId=us-central1-chatbotAsk) {"metadata":{"emulator":{"name":"functions"},"message":"[worker-pool] submitRequest(triggerId=us-central1-chatbotAsk)"}}
[info] i  functions: Beginning execution of "us-central1-chatbotAsk" {"metadata":{"emulator":{"name":"functions"},"function":{"name":"us-central1-chatbotAsk"},"extension":{},"message":"Beginning execution of \"us-central1-chatbotAsk\""}}
[debug] [2026-05-07T03:44:24.379Z] [worker-us-central1-chatbotAsk-11ed7e61-595c-495b-95b1-b889ec377fea]: BUSY {"metadata":{"emulator":{"name":"functions"},"function":{"name":"us-central1-chatbotAsk"},"extension":{},"message":"[worker-us-central1-chatbotAsk-11ed7e61-595c-495b-95b1-b889ec377fea]: BUSY"}}
[debug] [2026-05-07T03:44:24.382Z] Finishing up request with event=pause {"metadata":{"emulator":{"name":"functions"},"function":{"name":"us-central1-chatbotAsk"},"extension":{},"message":"Finishing up request with event=pause"}}
[info] i  functions: Finished "us-central1-chatbotAsk" in 3.1565ms {"metadata":{"emulator":{"name":"functions"},"function":{"name":"us-central1-chatbotAsk"},"extension":{},"message":"Finished \"us-central1-chatbotAsk\" in 3.1565ms"}}
[debug] [2026-05-07T03:44:24.383Z] [worker-us-central1-chatbotAsk-11ed7e61-595c-495b-95b1-b889ec377fea]: IDLE {"metadata":{"emulator":{"name":"functions"},"function":{"name":"us-central1-chatbotAsk"},"extension":{},"message":"[worker-us-central1-chatbotAsk-11ed7e61-595c-495b-95b1-b889ec377fea]: IDLE"}}
[debug] [2026-05-07T03:44:24.383Z] Finishing up request with event=finish {"metadata":{"emulator":{"name":"functions"},"function":{"name":"us-central1-chatbotAsk"},"extension":{},"message":"Finishing up request with event=finish"}}
[debug] [2026-05-07T03:44:24.383Z] Finishing up request with event=close {"metadata":{"emulator":{"name":"functions"},"function":{"name":"us-central1-chatbotAsk"},"extension":{},"message":"Finishing up request with event=close"}}
[debug] [2026-05-07T03:44:24.383Z] [work-queue] {"queuedWork":[],"queueLength":0,"runningWork":[],"workRunningCount":0}
[debug] [2026-05-07T03:44:24.384Z] [work-queue] {"queuedWork":["/rag-numi/us-central1/chatbotAsk-2026-05-07T03:44:24.384Z"],"queueLength":1,"runningWork":[],"workRunningCount":0}
[debug] [2026-05-07T03:44:24.385Z] [work-queue] {"queuedWork":[],"queueLength":0,"runningWork":["/rag-numi/us-central1/chatbotAsk-2026-05-07T03:44:24.384Z"],"workRunningCount":1}
[debug] [2026-05-07T03:44:24.385Z] Accepted request POST /rag-numi/us-central1/chatbotAsk --> us-central1-chatbotAsk
[debug] [2026-05-07T03:44:24.385Z] [functions] Runtime ready! Sending request! {"metadata":{"emulator":{"name":"functions"},"message":"[functions] Runtime ready! Sending request!"}}
[debug] [2026-05-07T03:44:24.386Z] [functions] Got req.url=/rag-numi/us-central1/chatbotAsk, mapping to path=/ {"metadata":{"emulator":{"name":"functions"},"message":"[functions] Got req.url=/rag-numi/us-central1/chatbotAsk, mapping to path=/"}}
[debug] [2026-05-07T03:44:24.386Z] [worker-pool] submitRequest(triggerId=us-central1-chatbotAsk) {"metadata":{"emulator":{"name":"functions"},"message":"[worker-pool] submitRequest(triggerId=us-central1-chatbotAsk)"}}
[info] i  functions: Beginning execution of "us-central1-chatbotAsk" {"metadata":{"emulator":{"name":"functions"},"function":{"name":"us-central1-chatbotAsk"},"extension":{},"message":"Beginning execution of \"us-central1-chatbotAsk\""}}
[debug] [2026-05-07T03:44:24.387Z] [worker-us-central1-chatbotAsk-11ed7e61-595c-495b-95b1-b889ec377fea]: BUSY {"metadata":{"emulator":{"name":"functions"},"function":{"name":"us-central1-chatbotAsk"},"extension":{},"message":"[worker-us-central1-chatbotAsk-11ed7e61-595c-495b-95b1-b889ec377fea]: BUSY"}}
[warn] !  Google API requested!
   - URL: "https://oauth2.googleapis.com/token"
   - Be careful, this may be a production service. {"metadata":{"emulator":{"name":"functions"},"function":{"name":"us-central1-chatbotAsk"},"extension":{},"message":"Google API requested!\n   - URL: \"https://oauth2.googleapis.com/token\"\n   - Be careful, this may be a production service."}}
[debug] [2026-05-07T03:44:31.801Z] Finishing up request with event=pause {"metadata":{"emulator":{"name":"functions"},"function":{"name":"us-central1-chatbotAsk"},"extension":{},"message":"Finishing up request with event=pause"}}
[info] i  functions: Finished "us-central1-chatbotAsk" in 7414.2173ms {"metadata":{"emulator":{"name":"functions"},"function":{"name":"us-central1-chatbotAsk"},"extension":{},"message":"Finished \"us-central1-chatbotAsk\" in 7414.2173ms"}}
[debug] [2026-05-07T03:44:31.802Z] [worker-us-central1-chatbotAsk-11ed7e61-595c-495b-95b1-b889ec377fea]: IDLE {"metadata":{"emulator":{"name":"functions"},"function":{"name":"us-central1-chatbotAsk"},"extension":{},"message":"[worker-us-central1-chatbotAsk-11ed7e61-595c-495b-95b1-b889ec377fea]: IDLE"}}
[debug] [2026-05-07T03:44:31.802Z] Finishing up request with event=finish {"metadata":{"emulator":{"name":"functions"},"function":{"name":"us-central1-chatbotAsk"},"extension":{},"message":"Finishing up request with event=finish"}}
[debug] [2026-05-07T03:44:31.802Z] Finishing up request with event=close {"metadata":{"emulator":{"name":"functions"},"function":{"name":"us-central1-chatbotAsk"},"extension":{},"message":"Finishing up request with event=close"}}
[debug] [2026-05-07T03:44:31.802Z] [work-queue] {"queuedWork":[],"queueLength":0,"runningWork":[],"workRunningCount":0}
[debug] [2026-05-07T03:47:43.333Z] [work-queue] {"queuedWork":["/rag-numi/us-central1/chatbotGetSubjects-2026-05-07T03:47:43.333Z"],"queueLength":1,"runningWork":[],"workRunningCount":0}
[debug] [2026-05-07T03:47:43.333Z] [work-queue] {"queuedWork":[],"queueLength":0,"runningWork":["/rag-numi/us-central1/chatbotGetSubjects-2026-05-07T03:47:43.333Z"],"workRunningCount":1}
[debug] [2026-05-07T03:47:43.333Z] Accepted request OPTIONS /rag-numi/us-central1/chatbotGetSubjects --> us-central1-chatbotGetSubjects
[debug] [2026-05-07T03:47:43.334Z] [functions] Runtime ready! Sending request! {"metadata":{"emulator":{"name":"functions"},"message":"[functions] Runtime ready! Sending request!"}}
[debug] [2026-05-07T03:47:43.334Z] [functions] Got req.url=/rag-numi/us-central1/chatbotGetSubjects, mapping to path=/ {"metadata":{"emulator":{"name":"functions"},"message":"[functions] Got req.url=/rag-numi/us-central1/chatbotGetSubjects, mapping to path=/"}}
[debug] [2026-05-07T03:47:43.334Z] [worker-pool] submitRequest(triggerId=us-central1-chatbotGetSubjects) {"metadata":{"emulator":{"name":"functions"},"message":"[worker-pool] submitRequest(triggerId=us-central1-chatbotGetSubjects)"}}
[info] i  functions: Beginning execution of "us-central1-chatbotGetSubjects" {"metadata":{"emulator":{"name":"functions"},"function":{"name":"us-central1-chatbotGetSubjects"},"extension":{},"message":"Beginning execution of \"us-central1-chatbotGetSubjects\""}}
[debug] [2026-05-07T03:47:43.334Z] [worker-us-central1-chatbotGetSubjects-1cfa77ae-bfac-4399-8eb1-65fd5ba94376]: BUSY {"metadata":{"emulator":{"name":"functions"},"function":{"name":"us-central1-chatbotGetSubjects"},"extension":{},"message":"[worker-us-central1-chatbotGetSubjects-1cfa77ae-bfac-4399-8eb1-65fd5ba94376]: BUSY"}}
[debug] [2026-05-07T03:47:43.337Z] Finishing up request with event=pause {"metadata":{"emulator":{"name":"functions"},"function":{"name":"us-central1-chatbotGetSubjects"},"extension":{},"message":"Finishing up request with event=pause"}}
[info] i  functions: Finished "us-central1-chatbotGetSubjects" in 2.6249ms {"metadata":{"emulator":{"name":"functions"},"function":{"name":"us-central1-chatbotGetSubjects"},"extension":{},"message":"Finished \"us-central1-chatbotGetSubjects\" in 2.6249ms"}}
[debug] [2026-05-07T03:47:43.338Z] [worker-us-central1-chatbotGetSubjects-1cfa77ae-bfac-4399-8eb1-65fd5ba94376]: IDLE {"metadata":{"emulator":{"name":"functions"},"function":{"name":"us-central1-chatbotGetSubjects"},"extension":{},"message":"[worker-us-central1-chatbotGetSubjects-1cfa77ae-bfac-4399-8eb1-65fd5ba94376]: IDLE"}}
[debug] [2026-05-07T03:47:43.338Z] Finishing up request with event=finish {"metadata":{"emulator":{"name":"functions"},"function":{"name":"us-central1-chatbotGetSubjects"},"extension":{},"message":"Finishing up request with event=finish"}}
[debug] [2026-05-07T03:47:43.338Z] Finishing up request with event=close {"metadata":{"emulator":{"name":"functions"},"function":{"name":"us-central1-chatbotGetSubjects"},"extension":{},"message":"Finishing up request with event=close"}}
[debug] [2026-05-07T03:47:43.338Z] [work-queue] {"queuedWork":[],"queueLength":0,"runningWork":[],"workRunningCount":0}
[debug] [2026-05-07T03:47:43.339Z] [work-queue] {"queuedWork":["/rag-numi/us-central1/chatbotGetSubjects-2026-05-07T03:47:43.339Z"],"queueLength":1,"runningWork":[],"workRunningCount":0}
[debug] [2026-05-07T03:47:43.339Z] [work-queue] {"queuedWork":[],"queueLength":0,"runningWork":["/rag-numi/us-central1/chatbotGetSubjects-2026-05-07T03:47:43.339Z"],"workRunningCount":1}
[debug] [2026-05-07T03:47:43.339Z] Accepted request POST /rag-numi/us-central1/chatbotGetSubjects --> us-central1-chatbotGetSubjects
[debug] [2026-05-07T03:47:43.339Z] [functions] Runtime ready! Sending request! {"metadata":{"emulator":{"name":"functions"},"message":"[functions] Runtime ready! Sending request!"}}
[debug] [2026-05-07T03:47:43.340Z] [functions] Got req.url=/rag-numi/us-central1/chatbotGetSubjects, mapping to path=/ {"metadata":{"emulator":{"name":"functions"},"message":"[functions] Got req.url=/rag-numi/us-central1/chatbotGetSubjects, mapping to path=/"}}
[debug] [2026-05-07T03:47:43.340Z] [worker-pool] submitRequest(triggerId=us-central1-chatbotGetSubjects) {"metadata":{"emulator":{"name":"functions"},"message":"[worker-pool] submitRequest(triggerId=us-central1-chatbotGetSubjects)"}}
[info] i  functions: Beginning execution of "us-central1-chatbotGetSubjects" {"metadata":{"emulator":{"name":"functions"},"function":{"name":"us-central1-chatbotGetSubjects"},"extension":{},"message":"Beginning execution of \"us-central1-chatbotGetSubjects\""}}
[debug] [2026-05-07T03:47:43.344Z] [worker-us-central1-chatbotGetSubjects-1cfa77ae-bfac-4399-8eb1-65fd5ba94376]: BUSY {"metadata":{"emulator":{"name":"functions"},"function":{"name":"us-central1-chatbotGetSubjects"},"extension":{},"message":"[worker-us-central1-chatbotGetSubjects-1cfa77ae-bfac-4399-8eb1-65fd5ba94376]: BUSY"}}
[debug] [2026-05-07T03:47:44.209Z] Finishing up request with event=pause {"metadata":{"emulator":{"name":"functions"},"function":{"name":"us-central1-chatbotGetSubjects"},"extension":{},"message":"Finishing up request with event=pause"}}
[info] i  functions: Finished "us-central1-chatbotGetSubjects" in 865.1089ms {"metadata":{"emulator":{"name":"functions"},"function":{"name":"us-central1-chatbotGetSubjects"},"extension":{},"message":"Finished \"us-central1-chatbotGetSubjects\" in 865.1089ms"}}
[debug] [2026-05-07T03:47:44.210Z] [worker-us-central1-chatbotGetSubjects-1cfa77ae-bfac-4399-8eb1-65fd5ba94376]: IDLE {"metadata":{"emulator":{"name":"functions"},"function":{"name":"us-central1-chatbotGetSubjects"},"extension":{},"message":"[worker-us-central1-chatbotGetSubjects-1cfa77ae-bfac-4399-8eb1-65fd5ba94376]: IDLE"}}
[debug] [2026-05-07T03:47:44.210Z] Finishing up request with event=finish {"metadata":{"emulator":{"name":"functions"},"function":{"name":"us-central1-chatbotGetSubjects"},"extension":{},"message":"Finishing up request with event=finish"}}
[debug] [2026-05-07T03:47:44.210Z] Finishing up request with event=close {"metadata":{"emulator":{"name":"functions"},"function":{"name":"us-central1-chatbotGetSubjects"},"extension":{},"message":"Finishing up request with event=close"}}
[debug] [2026-05-07T03:47:44.210Z] [work-queue] {"queuedWork":[],"queueLength":0,"runningWork":[],"workRunningCount":0}
[debug] [2026-05-07T03:47:45.934Z] [work-queue] {"queuedWork":["/rag-numi/us-central1/chatbotGetContent-2026-05-07T03:47:45.934Z"],"queueLength":1,"runningWork":[],"workRunningCount":0}
[debug] [2026-05-07T03:47:45.934Z] [work-queue] {"queuedWork":[],"queueLength":0,"runningWork":["/rag-numi/us-central1/chatbotGetContent-2026-05-07T03:47:45.934Z"],"workRunningCount":1}
[debug] [2026-05-07T03:47:45.934Z] Accepted request OPTIONS /rag-numi/us-central1/chatbotGetContent --> us-central1-chatbotGetContent
[debug] [2026-05-07T03:47:45.935Z] [functions] Runtime ready! Sending request! {"metadata":{"emulator":{"name":"functions"},"message":"[functions] Runtime ready! Sending request!"}}
[debug] [2026-05-07T03:47:45.935Z] [functions] Got req.url=/rag-numi/us-central1/chatbotGetContent, mapping to path=/ {"metadata":{"emulator":{"name":"functions"},"message":"[functions] Got req.url=/rag-numi/us-central1/chatbotGetContent, mapping to path=/"}}
[debug] [2026-05-07T03:47:45.935Z] [worker-pool] submitRequest(triggerId=us-central1-chatbotGetContent) {"metadata":{"emulator":{"name":"functions"},"message":"[worker-pool] submitRequest(triggerId=us-central1-chatbotGetContent)"}}
[info] i  functions: Beginning execution of "us-central1-chatbotGetContent" {"metadata":{"emulator":{"name":"functions"},"function":{"name":"us-central1-chatbotGetContent"},"extension":{},"message":"Beginning execution of \"us-central1-chatbotGetContent\""}}
[debug] [2026-05-07T03:47:45.936Z] [worker-us-central1-chatbotGetContent-8cffef55-ef6d-4b2e-98d7-64e9f9f8276b]: BUSY {"metadata":{"emulator":{"name":"functions"},"function":{"name":"us-central1-chatbotGetContent"},"extension":{},"message":"[worker-us-central1-chatbotGetContent-8cffef55-ef6d-4b2e-98d7-64e9f9f8276b]: BUSY"}}
[debug] [2026-05-07T03:47:45.940Z] Finishing up request with event=pause {"metadata":{"emulator":{"name":"functions"},"function":{"name":"us-central1-chatbotGetContent"},"extension":{},"message":"Finishing up request with event=pause"}}
[info] i  functions: Finished "us-central1-chatbotGetContent" in 4.4447ms {"metadata":{"emulator":{"name":"functions"},"function":{"name":"us-central1-chatbotGetContent"},"extension":{},"message":"Finished \"us-central1-chatbotGetContent\" in 4.4447ms"}}
[debug] [2026-05-07T03:47:45.941Z] [worker-us-central1-chatbotGetContent-8cffef55-ef6d-4b2e-98d7-64e9f9f8276b]: IDLE {"metadata":{"emulator":{"name":"functions"},"function":{"name":"us-central1-chatbotGetContent"},"extension":{},"message":"[worker-us-central1-chatbotGetContent-8cffef55-ef6d-4b2e-98d7-64e9f9f8276b]: IDLE"}}
[debug] [2026-05-07T03:47:45.941Z] Finishing up request with event=finish {"metadata":{"emulator":{"name":"functions"},"function":{"name":"us-central1-chatbotGetContent"},"extension":{},"message":"Finishing up request with event=finish"}}
[debug] [2026-05-07T03:47:45.941Z] Finishing up request with event=close {"metadata":{"emulator":{"name":"functions"},"function":{"name":"us-central1-chatbotGetContent"},"extension":{},"message":"Finishing up request with event=close"}}
[debug] [2026-05-07T03:47:45.941Z] [work-queue] {"queuedWork":[],"queueLength":0,"runningWork":[],"workRunningCount":0}
[debug] [2026-05-07T03:47:45.943Z] [work-queue] {"queuedWork":["/rag-numi/us-central1/chatbotGetContent-2026-05-07T03:47:45.943Z"],"queueLength":1,"runningWork":[],"workRunningCount":0}
[debug] [2026-05-07T03:47:45.943Z] [work-queue] {"queuedWork":[],"queueLength":0,"runningWork":["/rag-numi/us-central1/chatbotGetContent-2026-05-07T03:47:45.943Z"],"workRunningCount":1}
[debug] [2026-05-07T03:47:45.943Z] Accepted request POST /rag-numi/us-central1/chatbotGetContent --> us-central1-chatbotGetContent
[debug] [2026-05-07T03:47:45.944Z] [functions] Runtime ready! Sending request! {"metadata":{"emulator":{"name":"functions"},"message":"[functions] Runtime ready! Sending request!"}}
[debug] [2026-05-07T03:47:45.944Z] [functions] Got req.url=/rag-numi/us-central1/chatbotGetContent, mapping to path=/ {"metadata":{"emulator":{"name":"functions"},"message":"[functions] Got req.url=/rag-numi/us-central1/chatbotGetContent, mapping to path=/"}}
[debug] [2026-05-07T03:47:45.944Z] [worker-pool] submitRequest(triggerId=us-central1-chatbotGetContent) {"metadata":{"emulator":{"name":"functions"},"message":"[worker-pool] submitRequest(triggerId=us-central1-chatbotGetContent)"}}
[info] i  functions: Beginning execution of "us-central1-chatbotGetContent" {"metadata":{"emulator":{"name":"functions"},"function":{"name":"us-central1-chatbotGetContent"},"extension":{},"message":"Beginning execution of \"us-central1-chatbotGetContent\""}}
[debug] [2026-05-07T03:47:45.945Z] [worker-us-central1-chatbotGetContent-8cffef55-ef6d-4b2e-98d7-64e9f9f8276b]: BUSY {"metadata":{"emulator":{"name":"functions"},"function":{"name":"us-central1-chatbotGetContent"},"extension":{},"message":"[worker-us-central1-chatbotGetContent-8cffef55-ef6d-4b2e-98d7-64e9f9f8276b]: BUSY"}}
[debug] [2026-05-07T03:47:46.763Z] Finishing up request with event=pause {"metadata":{"emulator":{"name":"functions"},"function":{"name":"us-central1-chatbotGetContent"},"extension":{},"message":"Finishing up request with event=pause"}}
[info] i  functions: Finished "us-central1-chatbotGetContent" in 818.2836ms {"metadata":{"emulator":{"name":"functions"},"function":{"name":"us-central1-chatbotGetContent"},"extension":{},"message":"Finished \"us-central1-chatbotGetContent\" in 818.2836ms"}}
[debug] [2026-05-07T03:47:46.765Z] [worker-us-central1-chatbotGetContent-8cffef55-ef6d-4b2e-98d7-64e9f9f8276b]: IDLE {"metadata":{"emulator":{"name":"functions"},"function":{"name":"us-central1-chatbotGetContent"},"extension":{},"message":"[worker-us-central1-chatbotGetContent-8cffef55-ef6d-4b2e-98d7-64e9f9f8276b]: IDLE"}}
[debug] [2026-05-07T03:47:46.765Z] Finishing up request with event=finish {"metadata":{"emulator":{"name":"functions"},"function":{"name":"us-central1-chatbotGetContent"},"extension":{},"message":"Finishing up request with event=finish"}}
[debug] [2026-05-07T03:47:46.765Z] Finishing up request with event=close {"metadata":{"emulator":{"name":"functions"},"function":{"name":"us-central1-chatbotGetContent"},"extension":{},"message":"Finishing up request with event=close"}}
[debug] [2026-05-07T03:47:46.765Z] [work-queue] {"queuedWork":[],"queueLength":0,"runningWork":[],"workRunningCount":0}
[debug] [2026-05-07T03:47:51.072Z] [work-queue] {"queuedWork":["/rag-numi/us-central1/chatbotAsk-2026-05-07T03:47:51.072Z"],"queueLength":1,"runningWork":[],"workRunningCount":0}
[debug] [2026-05-07T03:47:51.072Z] [work-queue] {"queuedWork":[],"queueLength":0,"runningWork":["/rag-numi/us-central1/chatbotAsk-2026-05-07T03:47:51.072Z"],"workRunningCount":1}
[debug] [2026-05-07T03:47:51.072Z] Accepted request OPTIONS /rag-numi/us-central1/chatbotAsk --> us-central1-chatbotAsk
[debug] [2026-05-07T03:47:51.073Z] [functions] Runtime ready! Sending request! {"metadata":{"emulator":{"name":"functions"},"message":"[functions] Runtime ready! Sending request!"}}
[debug] [2026-05-07T03:47:51.073Z] [functions] Got req.url=/rag-numi/us-central1/chatbotAsk, mapping to path=/ {"metadata":{"emulator":{"name":"functions"},"message":"[functions] Got req.url=/rag-numi/us-central1/chatbotAsk, mapping to path=/"}}
[debug] [2026-05-07T03:47:51.073Z] [worker-pool] submitRequest(triggerId=us-central1-chatbotAsk) {"metadata":{"emulator":{"name":"functions"},"message":"[worker-pool] submitRequest(triggerId=us-central1-chatbotAsk)"}}
[info] i  functions: Beginning execution of "us-central1-chatbotAsk" {"metadata":{"emulator":{"name":"functions"},"function":{"name":"us-central1-chatbotAsk"},"extension":{},"message":"Beginning execution of \"us-central1-chatbotAsk\""}}
[debug] [2026-05-07T03:47:51.074Z] [worker-us-central1-chatbotAsk-11ed7e61-595c-495b-95b1-b889ec377fea]: BUSY {"metadata":{"emulator":{"name":"functions"},"function":{"name":"us-central1-chatbotAsk"},"extension":{},"message":"[worker-us-central1-chatbotAsk-11ed7e61-595c-495b-95b1-b889ec377fea]: BUSY"}}
[debug] [2026-05-07T03:47:51.077Z] Finishing up request with event=pause {"metadata":{"emulator":{"name":"functions"},"function":{"name":"us-central1-chatbotAsk"},"extension":{},"message":"Finishing up request with event=pause"}}
[info] i  functions: Finished "us-central1-chatbotAsk" in 2.5913ms {"metadata":{"emulator":{"name":"functions"},"function":{"name":"us-central1-chatbotAsk"},"extension":{},"message":"Finished \"us-central1-chatbotAsk\" in 2.5913ms"}}
[debug] [2026-05-07T03:47:51.078Z] [worker-us-central1-chatbotAsk-11ed7e61-595c-495b-95b1-b889ec377fea]: IDLE {"metadata":{"emulator":{"name":"functions"},"function":{"name":"us-central1-chatbotAsk"},"extension":{},"message":"[worker-us-central1-chatbotAsk-11ed7e61-595c-495b-95b1-b889ec377fea]: IDLE"}}
[debug] [2026-05-07T03:47:51.078Z] Finishing up request with event=finish {"metadata":{"emulator":{"name":"functions"},"function":{"name":"us-central1-chatbotAsk"},"extension":{},"message":"Finishing up request with event=finish"}}
[debug] [2026-05-07T03:47:51.078Z] Finishing up request with event=close {"metadata":{"emulator":{"name":"functions"},"function":{"name":"us-central1-chatbotAsk"},"extension":{},"message":"Finishing up request with event=close"}}
[debug] [2026-05-07T03:47:51.078Z] [work-queue] {"queuedWork":[],"queueLength":0,"runningWork":[],"workRunningCount":0}
[debug] [2026-05-07T03:47:51.080Z] [work-queue] {"queuedWork":["/rag-numi/us-central1/chatbotAsk-2026-05-07T03:47:51.079Z"],"queueLength":1,"runningWork":[],"workRunningCount":0}
[debug] [2026-05-07T03:47:51.080Z] [work-queue] {"queuedWork":[],"queueLength":0,"runningWork":["/rag-numi/us-central1/chatbotAsk-2026-05-07T03:47:51.079Z"],"workRunningCount":1}
[debug] [2026-05-07T03:47:51.080Z] Accepted request POST /rag-numi/us-central1/chatbotAsk --> us-central1-chatbotAsk
[debug] [2026-05-07T03:47:51.080Z] [functions] Runtime ready! Sending request! {"metadata":{"emulator":{"name":"functions"},"message":"[functions] Runtime ready! Sending request!"}}
[debug] [2026-05-07T03:47:51.081Z] [functions] Got req.url=/rag-numi/us-central1/chatbotAsk, mapping to path=/ {"metadata":{"emulator":{"name":"functions"},"message":"[functions] Got req.url=/rag-numi/us-central1/chatbotAsk, mapping to path=/"}}
[debug] [2026-05-07T03:47:51.081Z] [worker-pool] submitRequest(triggerId=us-central1-chatbotAsk) {"metadata":{"emulator":{"name":"functions"},"message":"[worker-pool] submitRequest(triggerId=us-central1-chatbotAsk)"}}
[info] i  functions: Beginning execution of "us-central1-chatbotAsk" {"metadata":{"emulator":{"name":"functions"},"function":{"name":"us-central1-chatbotAsk"},"extension":{},"message":"Beginning execution of \"us-central1-chatbotAsk\""}}
[debug] [2026-05-07T03:47:51.082Z] [worker-us-central1-chatbotAsk-11ed7e61-595c-495b-95b1-b889ec377fea]: BUSY {"metadata":{"emulator":{"name":"functions"},"function":{"name":"us-central1-chatbotAsk"},"extension":{},"message":"[worker-us-central1-chatbotAsk-11ed7e61-595c-495b-95b1-b889ec377fea]: BUSY"}}
[debug] [2026-05-07T03:47:58.024Z] Finishing up request with event=pause {"metadata":{"emulator":{"name":"functions"},"function":{"name":"us-central1-chatbotAsk"},"extension":{},"message":"Finishing up request with event=pause"}}
[info] i  functions: Finished "us-central1-chatbotAsk" in 6942.5341ms {"metadata":{"emulator":{"name":"functions"},"function":{"name":"us-central1-chatbotAsk"},"extension":{},"message":"Finished \"us-central1-chatbotAsk\" in 6942.5341ms"}}
[debug] [2026-05-07T03:47:58.025Z] [worker-us-central1-chatbotAsk-11ed7e61-595c-495b-95b1-b889ec377fea]: IDLE {"metadata":{"emulator":{"name":"functions"},"function":{"name":"us-central1-chatbotAsk"},"extension":{},"message":"[worker-us-central1-chatbotAsk-11ed7e61-595c-495b-95b1-b889ec377fea]: IDLE"}}
[debug] [2026-05-07T03:47:58.025Z] Finishing up request with event=finish {"metadata":{"emulator":{"name":"functions"},"function":{"name":"us-central1-chatbotAsk"},"extension":{},"message":"Finishing up request with event=finish"}}
[debug] [2026-05-07T03:47:58.026Z] Finishing up request with event=close {"metadata":{"emulator":{"name":"functions"},"function":{"name":"us-central1-chatbotAsk"},"extension":{},"message":"Finishing up request with event=close"}}
[debug] [2026-05-07T03:47:58.026Z] [work-queue] {"queuedWork":[],"queueLength":0,"runningWork":[],"workRunningCount":0}
[debug] [2026-05-07T03:50:35.214Z] [work-queue] {"queuedWork":["/rag-numi/us-central1/chatbotGetSubjects-2026-05-07T03:50:35.214Z"],"queueLength":1,"runningWork":[],"workRunningCount":0}
[debug] [2026-05-07T03:50:35.214Z] [work-queue] {"queuedWork":[],"queueLength":0,"runningWork":["/rag-numi/us-central1/chatbotGetSubjects-2026-05-07T03:50:35.214Z"],"workRunningCount":1}
[debug] [2026-05-07T03:50:35.214Z] Accepted request OPTIONS /rag-numi/us-central1/chatbotGetSubjects --> us-central1-chatbotGetSubjects
[debug] [2026-05-07T03:50:35.215Z] [functions] Runtime ready! Sending request! {"metadata":{"emulator":{"name":"functions"},"message":"[functions] Runtime ready! Sending request!"}}
[debug] [2026-05-07T03:50:35.215Z] [functions] Got req.url=/rag-numi/us-central1/chatbotGetSubjects, mapping to path=/ {"metadata":{"emulator":{"name":"functions"},"message":"[functions] Got req.url=/rag-numi/us-central1/chatbotGetSubjects, mapping to path=/"}}
[debug] [2026-05-07T03:50:35.215Z] [worker-pool] submitRequest(triggerId=us-central1-chatbotGetSubjects) {"metadata":{"emulator":{"name":"functions"},"message":"[worker-pool] submitRequest(triggerId=us-central1-chatbotGetSubjects)"}}
[info] i  functions: Beginning execution of "us-central1-chatbotGetSubjects" {"metadata":{"emulator":{"name":"functions"},"function":{"name":"us-central1-chatbotGetSubjects"},"extension":{},"message":"Beginning execution of \"us-central1-chatbotGetSubjects\""}}
[debug] [2026-05-07T03:50:35.216Z] [worker-us-central1-chatbotGetSubjects-1cfa77ae-bfac-4399-8eb1-65fd5ba94376]: BUSY {"metadata":{"emulator":{"name":"functions"},"function":{"name":"us-central1-chatbotGetSubjects"},"extension":{},"message":"[worker-us-central1-chatbotGetSubjects-1cfa77ae-bfac-4399-8eb1-65fd5ba94376]: BUSY"}}
[debug] [2026-05-07T03:50:35.218Z] Finishing up request with event=pause {"metadata":{"emulator":{"name":"functions"},"function":{"name":"us-central1-chatbotGetSubjects"},"extension":{},"message":"Finishing up request with event=pause"}}
[info] i  functions: Finished "us-central1-chatbotGetSubjects" in 2.6459ms {"metadata":{"emulator":{"name":"functions"},"function":{"name":"us-central1-chatbotGetSubjects"},"extension":{},"message":"Finished \"us-central1-chatbotGetSubjects\" in 2.6459ms"}}
[debug] [2026-05-07T03:50:35.219Z] [worker-us-central1-chatbotGetSubjects-1cfa77ae-bfac-4399-8eb1-65fd5ba94376]: IDLE {"metadata":{"emulator":{"name":"functions"},"function":{"name":"us-central1-chatbotGetSubjects"},"extension":{},"message":"[worker-us-central1-chatbotGetSubjects-1cfa77ae-bfac-4399-8eb1-65fd5ba94376]: IDLE"}}
[debug] [2026-05-07T03:50:35.219Z] Finishing up request with event=finish {"metadata":{"emulator":{"name":"functions"},"function":{"name":"us-central1-chatbotGetSubjects"},"extension":{},"message":"Finishing up request with event=finish"}}
[debug] [2026-05-07T03:50:35.219Z] Finishing up request with event=close {"metadata":{"emulator":{"name":"functions"},"function":{"name":"us-central1-chatbotGetSubjects"},"extension":{},"message":"Finishing up request with event=close"}}
[debug] [2026-05-07T03:50:35.219Z] [work-queue] {"queuedWork":[],"queueLength":0,"runningWork":[],"workRunningCount":0}
[debug] [2026-05-07T03:50:35.220Z] [work-queue] {"queuedWork":["/rag-numi/us-central1/chatbotGetSubjects-2026-05-07T03:50:35.220Z"],"queueLength":1,"runningWork":[],"workRunningCount":0}
[debug] [2026-05-07T03:50:35.220Z] [work-queue] {"queuedWork":[],"queueLength":0,"runningWork":["/rag-numi/us-central1/chatbotGetSubjects-2026-05-07T03:50:35.220Z"],"workRunningCount":1}
[debug] [2026-05-07T03:50:35.220Z] Accepted request POST /rag-numi/us-central1/chatbotGetSubjects --> us-central1-chatbotGetSubjects
[debug] [2026-05-07T03:50:35.220Z] [functions] Runtime ready! Sending request! {"metadata":{"emulator":{"name":"functions"},"message":"[functions] Runtime ready! Sending request!"}}
[debug] [2026-05-07T03:50:35.220Z] [functions] Got req.url=/rag-numi/us-central1/chatbotGetSubjects, mapping to path=/ {"metadata":{"emulator":{"name":"functions"},"message":"[functions] Got req.url=/rag-numi/us-central1/chatbotGetSubjects, mapping to path=/"}}
[debug] [2026-05-07T03:50:35.221Z] [worker-pool] submitRequest(triggerId=us-central1-chatbotGetSubjects) {"metadata":{"emulator":{"name":"functions"},"message":"[worker-pool] submitRequest(triggerId=us-central1-chatbotGetSubjects)"}}
[info] i  functions: Beginning execution of "us-central1-chatbotGetSubjects" {"metadata":{"emulator":{"name":"functions"},"function":{"name":"us-central1-chatbotGetSubjects"},"extension":{},"message":"Beginning execution of \"us-central1-chatbotGetSubjects\""}}
[debug] [2026-05-07T03:50:35.221Z] [worker-us-central1-chatbotGetSubjects-1cfa77ae-bfac-4399-8eb1-65fd5ba94376]: BUSY {"metadata":{"emulator":{"name":"functions"},"function":{"name":"us-central1-chatbotGetSubjects"},"extension":{},"message":"[worker-us-central1-chatbotGetSubjects-1cfa77ae-bfac-4399-8eb1-65fd5ba94376]: BUSY"}}
[debug] [2026-05-07T03:50:35.431Z] Finishing up request with event=pause {"metadata":{"emulator":{"name":"functions"},"function":{"name":"us-central1-chatbotGetSubjects"},"extension":{},"message":"Finishing up request with event=pause"}}
[info] i  functions: Finished "us-central1-chatbotGetSubjects" in 209.9096ms {"metadata":{"emulator":{"name":"functions"},"function":{"name":"us-central1-chatbotGetSubjects"},"extension":{},"message":"Finished \"us-central1-chatbotGetSubjects\" in 209.9096ms"}}
[debug] [2026-05-07T03:50:35.432Z] [worker-us-central1-chatbotGetSubjects-1cfa77ae-bfac-4399-8eb1-65fd5ba94376]: IDLE {"metadata":{"emulator":{"name":"functions"},"function":{"name":"us-central1-chatbotGetSubjects"},"extension":{},"message":"[worker-us-central1-chatbotGetSubjects-1cfa77ae-bfac-4399-8eb1-65fd5ba94376]: IDLE"}}
[debug] [2026-05-07T03:50:35.432Z] Finishing up request with event=finish {"metadata":{"emulator":{"name":"functions"},"function":{"name":"us-central1-chatbotGetSubjects"},"extension":{},"message":"Finishing up request with event=finish"}}
[debug] [2026-05-07T03:50:35.432Z] Finishing up request with event=close {"metadata":{"emulator":{"name":"functions"},"function":{"name":"us-central1-chatbotGetSubjects"},"extension":{},"message":"Finishing up request with event=close"}}
[debug] [2026-05-07T03:50:35.433Z] [work-queue] {"queuedWork":[],"queueLength":0,"runningWork":[],"workRunningCount":0}
[debug] [2026-05-07T03:50:40.078Z] [work-queue] {"queuedWork":["/rag-numi/us-central1/chatbotAsk-2026-05-07T03:50:40.078Z"],"queueLength":1,"runningWork":[],"workRunningCount":0}
[debug] [2026-05-07T03:50:40.078Z] [work-queue] {"queuedWork":[],"queueLength":0,"runningWork":["/rag-numi/us-central1/chatbotAsk-2026-05-07T03:50:40.078Z"],"workRunningCount":1}
[debug] [2026-05-07T03:50:40.078Z] Accepted request OPTIONS /rag-numi/us-central1/chatbotAsk --> us-central1-chatbotAsk
[debug] [2026-05-07T03:50:40.079Z] [functions] Runtime ready! Sending request! {"metadata":{"emulator":{"name":"functions"},"message":"[functions] Runtime ready! Sending request!"}}
[debug] [2026-05-07T03:50:40.079Z] [functions] Got req.url=/rag-numi/us-central1/chatbotAsk, mapping to path=/ {"metadata":{"emulator":{"name":"functions"},"message":"[functions] Got req.url=/rag-numi/us-central1/chatbotAsk, mapping to path=/"}}
[debug] [2026-05-07T03:50:40.079Z] [worker-pool] submitRequest(triggerId=us-central1-chatbotAsk) {"metadata":{"emulator":{"name":"functions"},"message":"[worker-pool] submitRequest(triggerId=us-central1-chatbotAsk)"}}
[info] i  functions: Beginning execution of "us-central1-chatbotAsk" {"metadata":{"emulator":{"name":"functions"},"function":{"name":"us-central1-chatbotAsk"},"extension":{},"message":"Beginning execution of \"us-central1-chatbotAsk\""}}
[debug] [2026-05-07T03:50:40.080Z] [worker-us-central1-chatbotAsk-11ed7e61-595c-495b-95b1-b889ec377fea]: BUSY {"metadata":{"emulator":{"name":"functions"},"function":{"name":"us-central1-chatbotAsk"},"extension":{},"message":"[worker-us-central1-chatbotAsk-11ed7e61-595c-495b-95b1-b889ec377fea]: BUSY"}}
[debug] [2026-05-07T03:50:40.083Z] Finishing up request with event=pause {"metadata":{"emulator":{"name":"functions"},"function":{"name":"us-central1-chatbotAsk"},"extension":{},"message":"Finishing up request with event=pause"}}
[info] i  functions: Finished "us-central1-chatbotAsk" in 3.4997ms {"metadata":{"emulator":{"name":"functions"},"function":{"name":"us-central1-chatbotAsk"},"extension":{},"message":"Finished \"us-central1-chatbotAsk\" in 3.4997ms"}}
[debug] [2026-05-07T03:50:40.084Z] [worker-us-central1-chatbotAsk-11ed7e61-595c-495b-95b1-b889ec377fea]: IDLE {"metadata":{"emulator":{"name":"functions"},"function":{"name":"us-central1-chatbotAsk"},"extension":{},"message":"[worker-us-central1-chatbotAsk-11ed7e61-595c-495b-95b1-b889ec377fea]: IDLE"}}
[debug] [2026-05-07T03:50:40.084Z] Finishing up request with event=finish {"metadata":{"emulator":{"name":"functions"},"function":{"name":"us-central1-chatbotAsk"},"extension":{},"message":"Finishing up request with event=finish"}}
[debug] [2026-05-07T03:50:40.084Z] Finishing up request with event=close {"metadata":{"emulator":{"name":"functions"},"function":{"name":"us-central1-chatbotAsk"},"extension":{},"message":"Finishing up request with event=close"}}
[debug] [2026-05-07T03:50:40.084Z] [work-queue] {"queuedWork":[],"queueLength":0,"runningWork":[],"workRunningCount":0}
[debug] [2026-05-07T03:50:40.085Z] [work-queue] {"queuedWork":["/rag-numi/us-central1/chatbotAsk-2026-05-07T03:50:40.085Z"],"queueLength":1,"runningWork":[],"workRunningCount":0}
[debug] [2026-05-07T03:50:40.085Z] [work-queue] {"queuedWork":[],"queueLength":0,"runningWork":["/rag-numi/us-central1/chatbotAsk-2026-05-07T03:50:40.085Z"],"workRunningCount":1}
[debug] [2026-05-07T03:50:40.085Z] Accepted request POST /rag-numi/us-central1/chatbotAsk --> us-central1-chatbotAsk
[debug] [2026-05-07T03:50:40.086Z] [functions] Runtime ready! Sending request! {"metadata":{"emulator":{"name":"functions"},"message":"[functions] Runtime ready! Sending request!"}}
[debug] [2026-05-07T03:50:40.086Z] [functions] Got req.url=/rag-numi/us-central1/chatbotAsk, mapping to path=/ {"metadata":{"emulator":{"name":"functions"},"message":"[functions] Got req.url=/rag-numi/us-central1/chatbotAsk, mapping to path=/"}}
[debug] [2026-05-07T03:50:40.086Z] [worker-pool] submitRequest(triggerId=us-central1-chatbotAsk) {"metadata":{"emulator":{"name":"functions"},"message":"[worker-pool] submitRequest(triggerId=us-central1-chatbotAsk)"}}
[info] i  functions: Beginning execution of "us-central1-chatbotAsk" {"metadata":{"emulator":{"name":"functions"},"function":{"name":"us-central1-chatbotAsk"},"extension":{},"message":"Beginning execution of \"us-central1-chatbotAsk\""}}
[debug] [2026-05-07T03:50:40.087Z] [worker-us-central1-chatbotAsk-11ed7e61-595c-495b-95b1-b889ec377fea]: BUSY {"metadata":{"emulator":{"name":"functions"},"function":{"name":"us-central1-chatbotAsk"},"extension":{},"message":"[worker-us-central1-chatbotAsk-11ed7e61-595c-495b-95b1-b889ec377fea]: BUSY"}}
[debug] [2026-05-07T03:50:40.092Z] Finishing up request with event=pause {"metadata":{"emulator":{"name":"functions"},"function":{"name":"us-central1-chatbotAsk"},"extension":{},"message":"Finishing up request with event=pause"}}
[info] i  functions: Finished "us-central1-chatbotAsk" in 5.3136ms {"metadata":{"emulator":{"name":"functions"},"function":{"name":"us-central1-chatbotAsk"},"extension":{},"message":"Finished \"us-central1-chatbotAsk\" in 5.3136ms"}}
[debug] [2026-05-07T03:50:40.093Z] [worker-us-central1-chatbotAsk-11ed7e61-595c-495b-95b1-b889ec377fea]: IDLE {"metadata":{"emulator":{"name":"functions"},"function":{"name":"us-central1-chatbotAsk"},"extension":{},"message":"[worker-us-central1-chatbotAsk-11ed7e61-595c-495b-95b1-b889ec377fea]: IDLE"}}
[debug] [2026-05-07T03:50:40.093Z] Finishing up request with event=finish {"metadata":{"emulator":{"name":"functions"},"function":{"name":"us-central1-chatbotAsk"},"extension":{},"message":"Finishing up request with event=finish"}}
[debug] [2026-05-07T03:50:40.093Z] Finishing up request with event=close {"metadata":{"emulator":{"name":"functions"},"function":{"name":"us-central1-chatbotAsk"},"extension":{},"message":"Finishing up request with event=close"}}
[debug] [2026-05-07T03:50:40.093Z] [work-queue] {"queuedWork":[],"queueLength":0,"runningWork":[],"workRunningCount":0}
